// Jest Snapshot v1, https://goo.gl/fbAQLP

exports[`fetchCurrent works 1`] = `
Array [
  Object {
    "confirmed": 143055,
    "countryCode": "US",
    "deceased": 2513,
    "lastUpdated": "2020-03-30T12:06:24.000Z",
    "recovered": 4865,
  },
  Object {
    "confirmed": 97689,
    "countryCode": "IT",
    "deceased": 10779,
    "lastUpdated": "2020-03-30T12:06:12.000Z",
    "recovered": 13030,
  },
  Object {
    "confirmed": 85195,
    "countryCode": "ES",
    "deceased": 7340,
    "lastUpdated": "2020-03-30T12:06:12.000Z",
    "recovered": 16780,
  },
  Object {
    "confirmed": 82198,
    "countryCode": "CN",
    "deceased": 3308,
    "lastUpdated": "2020-03-30T11:27:28.000Z",
    "recovered": 75916,
  },
  Object {
    "confirmed": 62435,
    "countryCode": "DE",
    "deceased": 541,
    "lastUpdated": "2020-03-30T12:06:12.000Z",
    "recovered": 9211,
  },
  Object {
    "confirmed": 40724,
    "countryCode": "FR",
    "deceased": 2611,
    "lastUpdated": "2020-03-30T12:06:12.000Z",
    "recovered": 7226,
  },
  Object {
    "confirmed": 38309,
    "countryCode": "IR",
    "deceased": 2640,
    "lastUpdated": "2020-03-30T12:06:12.000Z",
    "recovered": 12391,
  },
  Object {
    "confirmed": 19788,
    "countryCode": "GB",
    "deceased": 1231,
    "lastUpdated": "2020-03-30T12:06:12.000Z",
    "recovered": 151,
  },
  Object {
    "confirmed": 15069,
    "countryCode": "CH",
    "deceased": 312,
    "lastUpdated": "2020-03-30T12:06:12.000Z",
    "recovered": 1823,
  },
  Object {
    "confirmed": 11899,
    "countryCode": "BE",
    "deceased": 513,
    "lastUpdated": "2020-03-30T12:06:12.000Z",
    "recovered": 1527,
  },
  Object {
    "confirmed": 10930,
    "countryCode": "NL",
    "deceased": 772,
    "lastUpdated": "2020-03-30T12:06:12.000Z",
    "recovered": 253,
  },
  Object {
    "confirmed": 9661,
    "countryCode": "KR",
    "deceased": 158,
    "lastUpdated": "2020-03-30T12:06:12.000Z",
    "recovered": 5228,
  },
  Object {
    "confirmed": 9217,
    "countryCode": "TR",
    "deceased": 131,
    "lastUpdated": "2020-03-30T12:06:12.000Z",
    "recovered": 105,
  },
  Object {
    "confirmed": 9103,
    "countryCode": "AT",
    "deceased": 86,
    "lastUpdated": "2020-03-30T12:06:12.000Z",
    "recovered": 479,
  },
  Object {
    "confirmed": 6320,
    "countryCode": "CA",
    "deceased": 65,
    "lastUpdated": "2020-03-30T12:11:41.000Z",
    "recovered": 466,
  },
  Object {
    "confirmed": 5962,
    "countryCode": "PT",
    "deceased": 119,
    "lastUpdated": "2020-03-30T12:06:12.000Z",
    "recovered": 43,
  },
  Object {
    "confirmed": 4347,
    "countryCode": "IL",
    "deceased": 16,
    "lastUpdated": "2020-03-30T12:06:12.000Z",
    "recovered": 134,
  },
  Object {
    "confirmed": 4312,
    "countryCode": "NO",
    "deceased": 29,
    "lastUpdated": "2020-03-30T12:06:12.000Z",
    "recovered": 7,
  },
  Object {
    "confirmed": 4256,
    "countryCode": "BR",
    "deceased": 136,
    "lastUpdated": "2020-03-30T12:06:12.000Z",
    "recovered": 6,
  },
  Object {
    "confirmed": 4203,
    "countryCode": "AU",
    "deceased": 17,
    "lastUpdated": "2020-03-30T12:11:54.000Z",
    "recovered": 244,
  },
  Object {
    "confirmed": 3700,
    "countryCode": "SE",
    "deceased": 110,
    "lastUpdated": "2020-03-30T12:06:12.000Z",
    "recovered": 16,
  },
  Object {
    "confirmed": 2859,
    "countryCode": "CZ",
    "deceased": 17,
    "lastUpdated": "2020-03-30T12:06:12.000Z",
    "recovered": 11,
  },
  Object {
    "confirmed": 2724,
    "countryCode": "DK",
    "deceased": 72,
    "lastUpdated": "2020-03-30T12:06:12.000Z",
    "recovered": 73,
  },
  Object {
    "confirmed": 2626,
    "countryCode": "MY",
    "deceased": 37,
    "lastUpdated": "2020-03-30T12:06:12.000Z",
    "recovered": 479,
  },
  Object {
    "confirmed": 2615,
    "countryCode": "IE",
    "deceased": 46,
    "lastUpdated": "2020-03-30T12:06:12.000Z",
    "recovered": 5,
  },
  Object {
    "confirmed": 2139,
    "countryCode": "CL",
    "deceased": 7,
    "lastUpdated": "2020-03-30T12:06:12.000Z",
    "recovered": 75,
  },
  Object {
    "confirmed": 1952,
    "countryCode": "RO",
    "deceased": 44,
    "lastUpdated": "2020-03-30T12:06:12.000Z",
    "recovered": 206,
  },
  Object {
    "confirmed": 1950,
    "countryCode": "LU",
    "deceased": 21,
    "lastUpdated": "2020-03-30T12:06:12.000Z",
    "recovered": 40,
  },
  Object {
    "confirmed": 1924,
    "countryCode": "EC",
    "deceased": 58,
    "lastUpdated": "2020-03-30T12:06:12.000Z",
    "recovered": 3,
  },
  Object {
    "confirmed": 1905,
    "countryCode": "PL",
    "deceased": 26,
    "lastUpdated": "2020-03-30T12:06:12.000Z",
    "recovered": 7,
  },
  Object {
    "confirmed": 1866,
    "countryCode": "JP",
    "deceased": 54,
    "lastUpdated": "2020-03-30T12:06:12.000Z",
    "recovered": 424,
  },
  Object {
    "confirmed": 1836,
    "countryCode": "RU",
    "deceased": 9,
    "lastUpdated": "2020-03-30T12:06:12.000Z",
    "recovered": 66,
  },
  Object {
    "confirmed": 1625,
    "countryCode": "PK",
    "deceased": 18,
    "lastUpdated": "2020-03-30T12:06:12.000Z",
    "recovered": 29,
  },
  Object {
    "confirmed": 1546,
    "countryCode": "PH",
    "deceased": 78,
    "lastUpdated": "2020-03-30T12:06:12.000Z",
    "recovered": 42,
  },
  Object {
    "confirmed": 1524,
    "countryCode": "TH",
    "deceased": 9,
    "lastUpdated": "2020-03-30T12:06:12.000Z",
    "recovered": 229,
  },
  Object {
    "confirmed": 1414,
    "countryCode": "ID",
    "deceased": 122,
    "lastUpdated": "2020-03-30T12:06:12.000Z",
    "recovered": 75,
  },
  Object {
    "confirmed": 1343,
    "countryCode": "FI",
    "deceased": 11,
    "lastUpdated": "2020-03-30T12:06:12.000Z",
    "recovered": 10,
  },
  Object {
    "confirmed": 1299,
    "countryCode": "SA",
    "deceased": 8,
    "lastUpdated": "2020-03-30T12:06:12.000Z",
    "recovered": 66,
  },
  Object {
    "confirmed": 1280,
    "countryCode": "ZA",
    "deceased": 2,
    "lastUpdated": "2020-03-30T12:06:12.000Z",
    "recovered": 31,
  },
  Object {
    "confirmed": 1156,
    "countryCode": "GR",
    "deceased": 39,
    "lastUpdated": "2020-03-30T12:06:12.000Z",
    "recovered": 52,
  },
  Object {
    "confirmed": 1071,
    "countryCode": "IN",
    "deceased": 29,
    "lastUpdated": "2020-03-30T12:06:12.000Z",
    "recovered": 100,
  },
  Object {
    "confirmed": 1020,
    "countryCode": "IS",
    "deceased": 2,
    "lastUpdated": "2020-03-30T12:06:12.000Z",
    "recovered": 135,
  },
  Object {
    "confirmed": 993,
    "countryCode": "MX",
    "deceased": 20,
    "lastUpdated": "2020-03-30T12:06:12.000Z",
    "recovered": 35,
  },
  Object {
    "confirmed": 989,
    "countryCode": "PA",
    "deceased": 24,
    "lastUpdated": "2020-03-30T12:06:12.000Z",
    "recovered": 4,
  },
  Object {
    "confirmed": 859,
    "countryCode": "DO",
    "deceased": 39,
    "lastUpdated": "2020-03-30T12:06:12.000Z",
    "recovered": 3,
  },
  Object {
    "confirmed": 852,
    "countryCode": "PE",
    "deceased": 18,
    "lastUpdated": "2020-03-30T12:06:12.000Z",
    "recovered": 16,
  },
  Object {
    "confirmed": 844,
    "countryCode": "SG",
    "deceased": 3,
    "lastUpdated": "2020-03-30T12:06:12.000Z",
    "recovered": 212,
  },
  Object {
    "confirmed": 820,
    "countryCode": "AR",
    "deceased": 20,
    "lastUpdated": "2020-03-30T12:06:12.000Z",
    "recovered": 91,
  },
  Object {
    "confirmed": 756,
    "countryCode": "SI",
    "deceased": 11,
    "lastUpdated": "2020-03-30T12:06:12.000Z",
    "recovered": 10,
  },
  Object {
    "confirmed": 741,
    "countryCode": "RS",
    "deceased": 13,
    "lastUpdated": "2020-03-30T12:06:12.000Z",
    "recovered": 0,
  },
  Object {
    "confirmed": 715,
    "countryCode": "EE",
    "deceased": 3,
    "lastUpdated": "2020-03-30T12:06:12.000Z",
    "recovered": 20,
  },
  Object {
    "confirmed": 713,
    "countryCode": "HR",
    "deceased": 6,
    "lastUpdated": "2020-03-30T12:06:12.000Z",
    "recovered": 55,
  },
  Object {
    "confirmed": 712,
    "countryCode": "SHIP",
    "deceased": 10,
    "lastUpdated": "2020-03-30T12:06:12.000Z",
    "recovered": 603,
  },
  Object {
    "confirmed": 702,
    "countryCode": "CO",
    "deceased": 10,
    "lastUpdated": "2020-03-30T12:06:12.000Z",
    "recovered": 10,
  },
  Object {
    "confirmed": 634,
    "countryCode": "QA",
    "deceased": 1,
    "lastUpdated": "2020-03-30T12:06:12.000Z",
    "recovered": 48,
  },
  Object {
    "confirmed": 609,
    "countryCode": "EG",
    "deceased": 40,
    "lastUpdated": "2020-03-30T12:06:12.000Z",
    "recovered": 132,
  },
  Object {
    "confirmed": 589,
    "countryCode": "NZ",
    "deceased": 1,
    "lastUpdated": "2020-03-30T12:06:12.000Z",
    "recovered": 63,
  },
  Object {
    "confirmed": 570,
    "countryCode": "AE",
    "deceased": 3,
    "lastUpdated": "2020-03-30T12:06:12.000Z",
    "recovered": 58,
  },
  Object {
    "confirmed": 547,
    "countryCode": "IQ",
    "deceased": 42,
    "lastUpdated": "2020-03-30T12:06:12.000Z",
    "recovered": 143,
  },
  Object {
    "confirmed": 516,
    "countryCode": "MA",
    "deceased": 27,
    "lastUpdated": "2020-03-30T12:06:12.000Z",
    "recovered": 13,
  },
  Object {
    "confirmed": 515,
    "countryCode": "BH",
    "deceased": 4,
    "lastUpdated": "2020-03-30T12:06:12.000Z",
    "recovered": 279,
  },
  Object {
    "confirmed": 511,
    "countryCode": "DZ",
    "deceased": 31,
    "lastUpdated": "2020-03-30T12:06:12.000Z",
    "recovered": 31,
  },
  Object {
    "confirmed": 484,
    "countryCode": "LT",
    "deceased": 7,
    "lastUpdated": "2020-03-30T12:06:12.000Z",
    "recovered": 1,
  },
  Object {
    "confirmed": 482,
    "countryCode": "AM",
    "deceased": 3,
    "lastUpdated": "2020-03-30T12:06:12.000Z",
    "recovered": 30,
  },
  Object {
    "confirmed": 475,
    "countryCode": "UA",
    "deceased": 10,
    "lastUpdated": "2020-03-30T12:06:12.000Z",
    "recovered": 6,
  },
  Object {
    "confirmed": 447,
    "countryCode": "HU",
    "deceased": 15,
    "lastUpdated": "2020-03-30T12:06:12.000Z",
    "recovered": 34,
  },
  Object {
    "confirmed": 446,
    "countryCode": "LB",
    "deceased": 11,
    "lastUpdated": "2020-03-30T12:06:12.000Z",
    "recovered": 32,
  },
  Object {
    "confirmed": 376,
    "countryCode": "LV",
    "deceased": 0,
    "lastUpdated": "2020-03-30T12:06:12.000Z",
    "recovered": 1,
  },
  Object {
    "confirmed": 354,
    "countryCode": "BG",
    "deceased": 8,
    "lastUpdated": "2020-03-30T12:06:12.000Z",
    "recovered": 15,
  },
  Object {
    "confirmed": 340,
    "countryCode": "BA",
    "deceased": 6,
    "lastUpdated": "2020-03-30T12:06:12.000Z",
    "recovered": 8,
  },
  Object {
    "confirmed": 334,
    "countryCode": "AD",
    "deceased": 6,
    "lastUpdated": "2020-03-30T12:06:12.000Z",
    "recovered": 6,
  },
  Object {
    "confirmed": 314,
    "countryCode": "CR",
    "deceased": 2,
    "lastUpdated": "2020-03-30T12:06:12.000Z",
    "recovered": 3,
  },
  Object {
    "confirmed": 314,
    "countryCode": "SK",
    "deceased": 0,
    "lastUpdated": "2020-03-30T12:06:12.000Z",
    "recovered": 2,
  },
  Object {
    "confirmed": 312,
    "countryCode": "TN",
    "deceased": 8,
    "lastUpdated": "2020-03-30T12:06:12.000Z",
    "recovered": 2,
  },
  Object {
    "confirmed": 306,
    "countryCode": "TW",
    "deceased": 5,
    "lastUpdated": "2020-03-30T09:11:49.000Z",
    "recovered": 39,
  },
  Object {
    "confirmed": 304,
    "countryCode": "UY",
    "deceased": 1,
    "lastUpdated": "2020-03-30T12:06:12.000Z",
    "recovered": 0,
  },
  Object {
    "confirmed": 294,
    "countryCode": "KZ",
    "deceased": 1,
    "lastUpdated": "2020-03-30T12:06:12.000Z",
    "recovered": 20,
  },
  Object {
    "confirmed": 266,
    "countryCode": "KW",
    "deceased": 0,
    "lastUpdated": "2020-03-30T12:06:12.000Z",
    "recovered": 72,
  },
  Object {
    "confirmed": 263,
    "countryCode": "MD",
    "deceased": 2,
    "lastUpdated": "2020-03-30T12:06:12.000Z",
    "recovered": 13,
  },
  Object {
    "confirmed": 259,
    "countryCode": "JO",
    "deceased": 3,
    "lastUpdated": "2020-03-30T12:06:12.000Z",
    "recovered": 18,
  },
  Object {
    "confirmed": 259,
    "countryCode": "MK",
    "deceased": 6,
    "lastUpdated": "2020-03-30T12:06:12.000Z",
    "recovered": 3,
  },
  Object {
    "confirmed": 224,
    "countryCode": "SM",
    "deceased": 22,
    "lastUpdated": "2020-03-30T12:06:12.000Z",
    "recovered": 6,
  },
  Object {
    "confirmed": 223,
    "countryCode": "AL",
    "deceased": 11,
    "lastUpdated": "2020-03-30T12:06:12.000Z",
    "recovered": 44,
  },
  Object {
    "confirmed": 222,
    "countryCode": "BF",
    "deceased": 12,
    "lastUpdated": "2020-03-30T12:06:12.000Z",
    "recovered": 23,
  },
  Object {
    "confirmed": 214,
    "countryCode": "CY",
    "deceased": 6,
    "lastUpdated": "2020-03-30T12:06:12.000Z",
    "recovered": 15,
  },
  Object {
    "confirmed": 209,
    "countryCode": "AZ",
    "deceased": 4,
    "lastUpdated": "2020-03-30T12:06:12.000Z",
    "recovered": 15,
  },
  Object {
    "confirmed": 194,
    "countryCode": "VN",
    "deceased": 0,
    "lastUpdated": "2020-03-30T12:06:12.000Z",
    "recovered": 52,
  },
  Object {
    "confirmed": 167,
    "countryCode": "OM",
    "deceased": 0,
    "lastUpdated": "2020-03-30T12:06:12.000Z",
    "recovered": 23,
  },
  Object {
    "confirmed": 165,
    "countryCode": "CI",
    "deceased": 1,
    "lastUpdated": "2020-03-30T12:06:12.000Z",
    "recovered": 4,
  },
  Object {
    "confirmed": 152,
    "countryCode": "GH",
    "deceased": 5,
    "lastUpdated": "2020-03-30T12:06:12.000Z",
    "recovered": 2,
  },
  Object {
    "confirmed": 151,
    "countryCode": "MT",
    "deceased": 0,
    "lastUpdated": "2020-03-30T12:06:12.000Z",
    "recovered": 2,
  },
  Object {
    "confirmed": 144,
    "countryCode": "UZ",
    "deceased": 2,
    "lastUpdated": "2020-03-30T12:06:12.000Z",
    "recovered": 7,
  },
  Object {
    "confirmed": 142,
    "countryCode": "SN",
    "deceased": 0,
    "lastUpdated": "2020-03-30T12:06:12.000Z",
    "recovered": 27,
  },
  Object {
    "confirmed": 139,
    "countryCode": "CM",
    "deceased": 6,
    "lastUpdated": "2020-03-30T12:06:12.000Z",
    "recovered": 5,
  },
  Object {
    "confirmed": 139,
    "countryCode": "CU",
    "deceased": 3,
    "lastUpdated": "2020-03-30T12:06:12.000Z",
    "recovered": 4,
  },
  Object {
    "confirmed": 139,
    "countryCode": "HN",
    "deceased": 3,
    "lastUpdated": "2020-03-30T12:06:12.000Z",
    "recovered": 3,
  },
  Object {
    "confirmed": 127,
    "countryCode": "BN",
    "deceased": 1,
    "lastUpdated": "2020-03-30T12:06:12.000Z",
    "recovered": 38,
  },
  Object {
    "confirmed": 120,
    "countryCode": "AF",
    "deceased": 4,
    "lastUpdated": "2020-03-30T12:06:12.000Z",
    "recovered": 2,
  },
  Object {
    "confirmed": 120,
    "countryCode": "LK",
    "deceased": 1,
    "lastUpdated": "2020-03-30T12:06:12.000Z",
    "recovered": 15,
  },
  Object {
    "confirmed": 119,
    "countryCode": "VE",
    "deceased": 3,
    "lastUpdated": "2020-03-30T12:06:12.000Z",
    "recovered": 39,
  },
  Object {
    "confirmed": 115,
    "countryCode": "WBG",
    "deceased": 1,
    "lastUpdated": "2020-03-30T12:06:12.000Z",
    "recovered": 18,
  },
  Object {
    "confirmed": 111,
    "countryCode": "NG",
    "deceased": 1,
    "lastUpdated": "2020-03-30T12:06:12.000Z",
    "recovered": 3,
  },
  Object {
    "confirmed": 110,
    "countryCode": "MU",
    "deceased": 3,
    "lastUpdated": "2020-03-30T12:06:12.000Z",
    "recovered": 0,
  },
  Object {
    "confirmed": 107,
    "countryCode": "KH",
    "deceased": 0,
    "lastUpdated": "2020-03-30T12:06:12.000Z",
    "recovered": 21,
  },
  Object {
    "confirmed": 98,
    "countryCode": "GE",
    "deceased": 0,
    "lastUpdated": "2020-03-30T12:06:12.000Z",
    "recovered": 18,
  },
  Object {
    "confirmed": 96,
    "countryCode": "BO",
    "deceased": 1,
    "lastUpdated": "2020-03-30T12:06:12.000Z",
    "recovered": 0,
  },
  Object {
    "confirmed": 94,
    "countryCode": "BY",
    "deceased": 0,
    "lastUpdated": "2020-03-30T12:06:12.000Z",
    "recovered": 32,
  },
  Object {
    "confirmed": 94,
    "countryCode": "XK",
    "deceased": 1,
    "lastUpdated": "2020-03-30T12:06:12.000Z",
    "recovered": 1,
  },
  Object {
    "confirmed": 94,
    "countryCode": "KG",
    "deceased": 0,
    "lastUpdated": "2020-03-30T12:06:12.000Z",
    "recovered": 0,
  },
  Object {
    "confirmed": 91,
    "countryCode": "ME",
    "deceased": 1,
    "lastUpdated": "2020-03-30T12:06:12.000Z",
    "recovered": 0,
  },
  Object {
    "confirmed": 81,
    "countryCode": "CD",
    "deceased": 8,
    "lastUpdated": "2020-03-30T12:06:12.000Z",
    "recovered": 2,
  },
  Object {
    "confirmed": 78,
    "countryCode": "TT",
    "deceased": 3,
    "lastUpdated": "2020-03-30T12:06:12.000Z",
    "recovered": 1,
  },
  Object {
    "confirmed": 70,
    "countryCode": "RW",
    "deceased": 0,
    "lastUpdated": "2020-03-30T12:06:12.000Z",
    "recovered": 0,
  },
  Object {
    "confirmed": 64,
    "countryCode": "PY",
    "deceased": 3,
    "lastUpdated": "2020-03-30T12:06:12.000Z",
    "recovered": 1,
  },
  Object {
    "confirmed": 56,
    "countryCode": "LI",
    "deceased": 0,
    "lastUpdated": "2020-03-30T12:06:12.000Z",
    "recovered": 0,
  },
  Object {
    "confirmed": 49,
    "countryCode": "BD",
    "deceased": 5,
    "lastUpdated": "2020-03-30T12:06:12.000Z",
    "recovered": 19,
  },
  Object {
    "confirmed": 46,
    "countryCode": "MC",
    "deceased": 1,
    "lastUpdated": "2020-03-30T12:06:12.000Z",
    "recovered": 1,
  },
  Object {
    "confirmed": 42,
    "countryCode": "KE",
    "deceased": 1,
    "lastUpdated": "2020-03-30T12:06:12.000Z",
    "recovered": 1,
  },
  Object {
    "confirmed": 39,
    "countryCode": "MG",
    "deceased": 0,
    "lastUpdated": "2020-03-30T12:06:12.000Z",
    "recovered": 0,
  },
  Object {
    "confirmed": 34,
    "countryCode": "GT",
    "deceased": 1,
    "lastUpdated": "2020-03-30T12:06:12.000Z",
    "recovered": 10,
  },
  Object {
    "confirmed": 33,
    "countryCode": "BB",
    "deceased": 0,
    "lastUpdated": "2020-03-30T12:06:12.000Z",
    "recovered": 0,
  },
  Object {
    "confirmed": 33,
    "countryCode": "UG",
    "deceased": 0,
    "lastUpdated": "2020-03-30T12:06:12.000Z",
    "recovered": 0,
  },
  Object {
    "confirmed": 32,
    "countryCode": "JM",
    "deceased": 1,
    "lastUpdated": "2020-03-30T12:06:12.000Z",
    "recovered": 2,
  },
  Object {
    "confirmed": 30,
    "countryCode": "SV",
    "deceased": 0,
    "lastUpdated": "2020-03-30T12:06:12.000Z",
    "recovered": 0,
  },
  Object {
    "confirmed": 30,
    "countryCode": "TG",
    "deceased": 1,
    "lastUpdated": "2020-03-30T12:06:12.000Z",
    "recovered": 1,
  },
  Object {
    "confirmed": 29,
    "countryCode": "ZM",
    "deceased": 0,
    "lastUpdated": "2020-03-30T12:06:12.000Z",
    "recovered": 0,
  },
  Object {
    "confirmed": 23,
    "countryCode": "ET",
    "deceased": 0,
    "lastUpdated": "2020-03-30T12:06:12.000Z",
    "recovered": 1,
  },
  Object {
    "confirmed": 19,
    "countryCode": "CG",
    "deceased": 0,
    "lastUpdated": "2020-03-30T12:06:12.000Z",
    "recovered": 0,
  },
  Object {
    "confirmed": 18,
    "countryCode": "DJ",
    "deceased": 0,
    "lastUpdated": "2020-03-30T12:06:12.000Z",
    "recovered": 0,
  },
  Object {
    "confirmed": 18,
    "countryCode": "ML",
    "deceased": 1,
    "lastUpdated": "2020-03-30T12:06:12.000Z",
    "recovered": 0,
  },
  Object {
    "confirmed": 18,
    "countryCode": "NE",
    "deceased": 3,
    "lastUpdated": "2020-03-30T12:06:12.000Z",
    "recovered": 0,
  },
  Object {
    "confirmed": 17,
    "countryCode": "MV",
    "deceased": 0,
    "lastUpdated": "2020-03-30T12:06:12.000Z",
    "recovered": 13,
  },
  Object {
    "confirmed": 16,
    "countryCode": "GN",
    "deceased": 0,
    "lastUpdated": "2020-03-30T12:06:12.000Z",
    "recovered": 0,
  },
  Object {
    "confirmed": 15,
    "countryCode": "HT",
    "deceased": 0,
    "lastUpdated": "2020-03-30T12:06:12.000Z",
    "recovered": 1,
  },
  Object {
    "confirmed": 14,
    "countryCode": "BS",
    "deceased": 0,
    "lastUpdated": "2020-03-30T12:06:12.000Z",
    "recovered": 1,
  },
  Object {
    "confirmed": 14,
    "countryCode": "TZ",
    "deceased": 0,
    "lastUpdated": "2020-03-30T12:06:12.000Z",
    "recovered": 1,
  },
  Object {
    "confirmed": 12,
    "countryCode": "GQ",
    "deceased": 0,
    "lastUpdated": "2020-03-30T12:06:12.000Z",
    "recovered": 0,
  },
  Object {
    "confirmed": 12,
    "countryCode": "ER",
    "deceased": 0,
    "lastUpdated": "2020-03-30T12:06:12.000Z",
    "recovered": 0,
  },
  Object {
    "confirmed": 12,
    "countryCode": "MN",
    "deceased": 0,
    "lastUpdated": "2020-03-30T12:06:12.000Z",
    "recovered": 2,
  },
  Object {
    "confirmed": 11,
    "countryCode": "DM",
    "deceased": 0,
    "lastUpdated": "2020-03-30T12:06:12.000Z",
    "recovered": 0,
  },
  Object {
    "confirmed": 11,
    "countryCode": "NA",
    "deceased": 0,
    "lastUpdated": "2020-03-30T12:06:12.000Z",
    "recovered": 2,
  },
  Object {
    "confirmed": 10,
    "countryCode": "MM",
    "deceased": 0,
    "lastUpdated": "2020-03-30T12:06:12.000Z",
    "recovered": 0,
  },
  Object {
    "confirmed": 9,
    "countryCode": "SZ",
    "deceased": 0,
    "lastUpdated": "2020-03-30T12:06:12.000Z",
    "recovered": 0,
  },
  Object {
    "confirmed": 9,
    "countryCode": "GD",
    "deceased": 0,
    "lastUpdated": "2020-03-30T12:06:12.000Z",
    "recovered": 0,
  },
  Object {
    "confirmed": 9,
    "countryCode": "LC",
    "deceased": 0,
    "lastUpdated": "2020-03-30T12:06:12.000Z",
    "recovered": 1,
  },
  Object {
    "confirmed": 9,
    "countryCode": "SY",
    "deceased": 1,
    "lastUpdated": "2020-03-30T12:06:12.000Z",
    "recovered": 0,
  },
  Object {
    "confirmed": 8,
    "countryCode": "GY",
    "deceased": 1,
    "lastUpdated": "2020-03-30T12:06:12.000Z",
    "recovered": 0,
  },
  Object {
    "confirmed": 8,
    "countryCode": "LA",
    "deceased": 0,
    "lastUpdated": "2020-03-30T12:06:12.000Z",
    "recovered": 0,
  },
  Object {
    "confirmed": 8,
    "countryCode": "LY",
    "deceased": 0,
    "lastUpdated": "2020-03-30T12:06:12.000Z",
    "recovered": 0,
  },
  Object {
    "confirmed": 8,
    "countryCode": "MZ",
    "deceased": 0,
    "lastUpdated": "2020-03-30T12:06:12.000Z",
    "recovered": 0,
  },
  Object {
    "confirmed": 8,
    "countryCode": "SC",
    "deceased": 0,
    "lastUpdated": "2020-03-30T12:06:12.000Z",
    "recovered": 0,
  },
  Object {
    "confirmed": 8,
    "countryCode": "SR",
    "deceased": 0,
    "lastUpdated": "2020-03-30T12:06:12.000Z",
    "recovered": 0,
  },
  Object {
    "confirmed": 7,
    "countryCode": "AO",
    "deceased": 2,
    "lastUpdated": "2020-03-30T12:06:12.000Z",
    "recovered": 0,
  },
  Object {
    "confirmed": 7,
    "countryCode": "AG",
    "deceased": 0,
    "lastUpdated": "2020-03-30T12:06:12.000Z",
    "recovered": 0,
  },
  Object {
    "confirmed": 7,
    "countryCode": "GA",
    "deceased": 1,
    "lastUpdated": "2020-03-30T12:06:12.000Z",
    "recovered": 0,
  },
  Object {
    "confirmed": 7,
    "countryCode": "ZW",
    "deceased": 1,
    "lastUpdated": "2020-03-30T12:06:12.000Z",
    "recovered": 0,
  },
  Object {
    "confirmed": 6,
    "countryCode": "BJ",
    "deceased": 0,
    "lastUpdated": "2020-03-30T12:06:12.000Z",
    "recovered": 0,
  },
  Object {
    "confirmed": 6,
    "countryCode": "CV",
    "deceased": 1,
    "lastUpdated": "2020-03-30T12:06:12.000Z",
    "recovered": 0,
  },
  Object {
    "confirmed": 6,
    "countryCode": "VA",
    "deceased": 0,
    "lastUpdated": "2020-03-30T12:06:12.000Z",
    "recovered": 0,
  },
  Object {
    "confirmed": 6,
    "countryCode": "SD",
    "deceased": 1,
    "lastUpdated": "2020-03-30T12:06:12.000Z",
    "recovered": 0,
  },
  Object {
    "confirmed": 5,
    "countryCode": "FJ",
    "deceased": 0,
    "lastUpdated": "2020-03-30T12:06:12.000Z",
    "recovered": 0,
  },
  Object {
    "confirmed": 5,
    "countryCode": "MR",
    "deceased": 0,
    "lastUpdated": "2020-03-30T12:06:12.000Z",
    "recovered": 2,
  },
  Object {
    "confirmed": 5,
    "countryCode": "NP",
    "deceased": 0,
    "lastUpdated": "2020-03-30T12:06:12.000Z",
    "recovered": 1,
  },
  Object {
    "confirmed": 4,
    "countryCode": "BT",
    "deceased": 0,
    "lastUpdated": "2020-03-30T12:06:12.000Z",
    "recovered": 0,
  },
  Object {
    "confirmed": 4,
    "countryCode": "GM",
    "deceased": 1,
    "lastUpdated": "2020-03-30T12:06:12.000Z",
    "recovered": 0,
  },
  Object {
    "confirmed": 4,
    "countryCode": "NI",
    "deceased": 1,
    "lastUpdated": "2020-03-30T12:06:12.000Z",
    "recovered": 0,
  },
  Object {
    "confirmed": 3,
    "countryCode": "CF",
    "deceased": 0,
    "lastUpdated": "2020-03-30T12:06:12.000Z",
    "recovered": 0,
  },
  Object {
    "confirmed": 3,
    "countryCode": "TD",
    "deceased": 0,
    "lastUpdated": "2020-03-30T12:06:12.000Z",
    "recovered": 0,
  },
  Object {
    "confirmed": 3,
    "countryCode": "LR",
    "deceased": 0,
    "lastUpdated": "2020-03-30T12:06:12.000Z",
    "recovered": 0,
  },
  Object {
    "confirmed": 3,
    "countryCode": "SO",
    "deceased": 0,
    "lastUpdated": "2020-03-30T12:06:12.000Z",
    "recovered": 0,
  },
  Object {
    "confirmed": 2,
    "countryCode": "BZ",
    "deceased": 0,
    "lastUpdated": "2020-03-30T12:06:12.000Z",
    "recovered": 0,
  },
  Object {
    "confirmed": 2,
    "countryCode": "GW",
    "deceased": 0,
    "lastUpdated": "2020-03-30T12:06:12.000Z",
    "recovered": 0,
  },
  Object {
    "confirmed": 2,
    "countryCode": "SHIP",
    "deceased": 0,
    "lastUpdated": "2020-03-30T12:06:12.000Z",
    "recovered": 0,
  },
  Object {
    "confirmed": 2,
    "countryCode": "KN",
    "deceased": 0,
    "lastUpdated": "2020-03-30T12:06:12.000Z",
    "recovered": 0,
  },
  Object {
    "confirmed": 1,
    "countryCode": "PG",
    "deceased": 0,
    "lastUpdated": "2020-03-30T12:06:12.000Z",
    "recovered": 0,
  },
  Object {
    "confirmed": 1,
    "countryCode": "VC",
    "deceased": 0,
    "lastUpdated": "2020-03-30T12:06:12.000Z",
    "recovered": 1,
  },
  Object {
    "confirmed": 1,
    "countryCode": "TL",
    "deceased": 0,
    "lastUpdated": "2020-03-30T12:06:12.000Z",
    "recovered": 0,
  },
]
`;
