// Jest Snapshot v1, https://goo.gl/fbAQLP

exports[`fetchCovidStats works!! 1`] = `
Array [
  Object {
    "countryCode": "TH",
    "items": Array [
      Object {
        "confirmed": 2,
        "date": "2020-01-21T23:00:00.000Z",
        "deceased": 0,
        "recovered": 0,
      },
      Object {
        "confirmed": 3,
        "date": "2020-01-22T23:00:00.000Z",
        "deceased": 0,
        "recovered": 0,
      },
      Object {
        "confirmed": 5,
        "date": "2020-01-23T23:00:00.000Z",
        "deceased": 0,
        "recovered": 0,
      },
      Object {
        "confirmed": 7,
        "date": "2020-01-24T23:00:00.000Z",
        "deceased": 0,
        "recovered": 0,
      },
      Object {
        "confirmed": 8,
        "date": "2020-01-25T23:00:00.000Z",
        "deceased": 0,
        "recovered": 2,
      },
      Object {
        "confirmed": 8,
        "date": "2020-01-26T23:00:00.000Z",
        "deceased": 0,
        "recovered": 2,
      },
      Object {
        "confirmed": 14,
        "date": "2020-01-27T23:00:00.000Z",
        "deceased": 0,
        "recovered": 5,
      },
      Object {
        "confirmed": 14,
        "date": "2020-01-28T23:00:00.000Z",
        "deceased": 0,
        "recovered": 5,
      },
      Object {
        "confirmed": 14,
        "date": "2020-01-29T23:00:00.000Z",
        "deceased": 0,
        "recovered": 5,
      },
      Object {
        "confirmed": 19,
        "date": "2020-01-30T23:00:00.000Z",
        "deceased": 0,
        "recovered": 5,
      },
      Object {
        "confirmed": 19,
        "date": "2020-01-31T23:00:00.000Z",
        "deceased": 0,
        "recovered": 5,
      },
      Object {
        "confirmed": 19,
        "date": "2020-02-01T23:00:00.000Z",
        "deceased": 0,
        "recovered": 5,
      },
      Object {
        "confirmed": 19,
        "date": "2020-02-02T23:00:00.000Z",
        "deceased": 0,
        "recovered": 5,
      },
      Object {
        "confirmed": 25,
        "date": "2020-02-03T23:00:00.000Z",
        "deceased": 0,
        "recovered": 5,
      },
      Object {
        "confirmed": 25,
        "date": "2020-02-04T23:00:00.000Z",
        "deceased": 0,
        "recovered": 5,
      },
      Object {
        "confirmed": 25,
        "date": "2020-02-05T23:00:00.000Z",
        "deceased": 0,
        "recovered": 5,
      },
      Object {
        "confirmed": 25,
        "date": "2020-02-06T23:00:00.000Z",
        "deceased": 0,
        "recovered": 5,
      },
      Object {
        "confirmed": 32,
        "date": "2020-02-07T23:00:00.000Z",
        "deceased": 0,
        "recovered": 10,
      },
      Object {
        "confirmed": 32,
        "date": "2020-02-08T23:00:00.000Z",
        "deceased": 0,
        "recovered": 10,
      },
      Object {
        "confirmed": 32,
        "date": "2020-02-09T23:00:00.000Z",
        "deceased": 0,
        "recovered": 10,
      },
      Object {
        "confirmed": 33,
        "date": "2020-02-10T23:00:00.000Z",
        "deceased": 0,
        "recovered": 10,
      },
      Object {
        "confirmed": 33,
        "date": "2020-02-11T23:00:00.000Z",
        "deceased": 0,
        "recovered": 10,
      },
      Object {
        "confirmed": 33,
        "date": "2020-02-12T23:00:00.000Z",
        "deceased": 0,
        "recovered": 12,
      },
      Object {
        "confirmed": 33,
        "date": "2020-02-13T23:00:00.000Z",
        "deceased": 0,
        "recovered": 12,
      },
      Object {
        "confirmed": 33,
        "date": "2020-02-14T23:00:00.000Z",
        "deceased": 0,
        "recovered": 12,
      },
      Object {
        "confirmed": 34,
        "date": "2020-02-15T23:00:00.000Z",
        "deceased": 0,
        "recovered": 14,
      },
      Object {
        "confirmed": 35,
        "date": "2020-02-16T23:00:00.000Z",
        "deceased": 0,
        "recovered": 15,
      },
      Object {
        "confirmed": 35,
        "date": "2020-02-17T23:00:00.000Z",
        "deceased": 0,
        "recovered": 15,
      },
      Object {
        "confirmed": 35,
        "date": "2020-02-18T23:00:00.000Z",
        "deceased": 0,
        "recovered": 15,
      },
      Object {
        "confirmed": 35,
        "date": "2020-02-19T23:00:00.000Z",
        "deceased": 0,
        "recovered": 15,
      },
      Object {
        "confirmed": 35,
        "date": "2020-02-20T23:00:00.000Z",
        "deceased": 0,
        "recovered": 17,
      },
      Object {
        "confirmed": 35,
        "date": "2020-02-21T23:00:00.000Z",
        "deceased": 0,
        "recovered": 17,
      },
      Object {
        "confirmed": 35,
        "date": "2020-02-22T23:00:00.000Z",
        "deceased": 0,
        "recovered": 21,
      },
      Object {
        "confirmed": 35,
        "date": "2020-02-23T23:00:00.000Z",
        "deceased": 0,
        "recovered": 21,
      },
      Object {
        "confirmed": 37,
        "date": "2020-02-24T23:00:00.000Z",
        "deceased": 0,
        "recovered": 22,
      },
      Object {
        "confirmed": 40,
        "date": "2020-02-25T23:00:00.000Z",
        "deceased": 0,
        "recovered": 22,
      },
      Object {
        "confirmed": 40,
        "date": "2020-02-26T23:00:00.000Z",
        "deceased": 0,
        "recovered": 22,
      },
      Object {
        "confirmed": 41,
        "date": "2020-02-27T23:00:00.000Z",
        "deceased": 0,
        "recovered": 28,
      },
      Object {
        "confirmed": 42,
        "date": "2020-02-28T23:00:00.000Z",
        "deceased": 0,
        "recovered": 28,
      },
      Object {
        "confirmed": 42,
        "date": "2020-02-29T23:00:00.000Z",
        "deceased": 1,
        "recovered": 28,
      },
      Object {
        "confirmed": 43,
        "date": "2020-03-01T23:00:00.000Z",
        "deceased": 1,
        "recovered": 31,
      },
      Object {
        "confirmed": 43,
        "date": "2020-03-02T23:00:00.000Z",
        "deceased": 1,
        "recovered": 31,
      },
      Object {
        "confirmed": 43,
        "date": "2020-03-03T23:00:00.000Z",
        "deceased": 1,
        "recovered": 31,
      },
      Object {
        "confirmed": 47,
        "date": "2020-03-04T23:00:00.000Z",
        "deceased": 1,
        "recovered": 31,
      },
      Object {
        "confirmed": 48,
        "date": "2020-03-05T23:00:00.000Z",
        "deceased": 1,
        "recovered": 31,
      },
      Object {
        "confirmed": 50,
        "date": "2020-03-06T23:00:00.000Z",
        "deceased": 1,
        "recovered": 31,
      },
      Object {
        "confirmed": 50,
        "date": "2020-03-07T23:00:00.000Z",
        "deceased": 1,
        "recovered": 31,
      },
      Object {
        "confirmed": 50,
        "date": "2020-03-08T23:00:00.000Z",
        "deceased": 1,
        "recovered": 31,
      },
      Object {
        "confirmed": 53,
        "date": "2020-03-09T23:00:00.000Z",
        "deceased": 1,
        "recovered": 33,
      },
      Object {
        "confirmed": 59,
        "date": "2020-03-10T23:00:00.000Z",
        "deceased": 1,
        "recovered": 34,
      },
      Object {
        "confirmed": 70,
        "date": "2020-03-11T23:00:00.000Z",
        "deceased": 1,
        "recovered": 34,
      },
      Object {
        "confirmed": 75,
        "date": "2020-03-12T23:00:00.000Z",
        "deceased": 1,
        "recovered": 35,
      },
      Object {
        "confirmed": 82,
        "date": "2020-03-13T23:00:00.000Z",
        "deceased": 1,
        "recovered": 35,
      },
      Object {
        "confirmed": 114,
        "date": "2020-03-14T23:00:00.000Z",
        "deceased": 1,
        "recovered": 35,
      },
      Object {
        "confirmed": 147,
        "date": "2020-03-15T23:00:00.000Z",
        "deceased": 1,
        "recovered": 35,
      },
      Object {
        "confirmed": 177,
        "date": "2020-03-16T23:00:00.000Z",
        "deceased": 1,
        "recovered": 41,
      },
    ],
    "state": "",
  },
  Object {
    "countryCode": "JP",
    "items": Array [
      Object {
        "confirmed": 2,
        "date": "2020-01-21T23:00:00.000Z",
        "deceased": 0,
        "recovered": 0,
      },
      Object {
        "confirmed": 1,
        "date": "2020-01-22T23:00:00.000Z",
        "deceased": 0,
        "recovered": 0,
      },
      Object {
        "confirmed": 2,
        "date": "2020-01-23T23:00:00.000Z",
        "deceased": 0,
        "recovered": 0,
      },
      Object {
        "confirmed": 2,
        "date": "2020-01-24T23:00:00.000Z",
        "deceased": 0,
        "recovered": 0,
      },
      Object {
        "confirmed": 4,
        "date": "2020-01-25T23:00:00.000Z",
        "deceased": 0,
        "recovered": 1,
      },
      Object {
        "confirmed": 4,
        "date": "2020-01-26T23:00:00.000Z",
        "deceased": 0,
        "recovered": 1,
      },
      Object {
        "confirmed": 7,
        "date": "2020-01-27T23:00:00.000Z",
        "deceased": 0,
        "recovered": 1,
      },
      Object {
        "confirmed": 7,
        "date": "2020-01-28T23:00:00.000Z",
        "deceased": 0,
        "recovered": 1,
      },
      Object {
        "confirmed": 11,
        "date": "2020-01-29T23:00:00.000Z",
        "deceased": 0,
        "recovered": 1,
      },
      Object {
        "confirmed": 15,
        "date": "2020-01-30T23:00:00.000Z",
        "deceased": 0,
        "recovered": 1,
      },
      Object {
        "confirmed": 20,
        "date": "2020-01-31T23:00:00.000Z",
        "deceased": 0,
        "recovered": 1,
      },
      Object {
        "confirmed": 20,
        "date": "2020-02-01T23:00:00.000Z",
        "deceased": 0,
        "recovered": 1,
      },
      Object {
        "confirmed": 20,
        "date": "2020-02-02T23:00:00.000Z",
        "deceased": 0,
        "recovered": 1,
      },
      Object {
        "confirmed": 22,
        "date": "2020-02-03T23:00:00.000Z",
        "deceased": 0,
        "recovered": 1,
      },
      Object {
        "confirmed": 22,
        "date": "2020-02-04T23:00:00.000Z",
        "deceased": 0,
        "recovered": 1,
      },
      Object {
        "confirmed": 45,
        "date": "2020-02-05T23:00:00.000Z",
        "deceased": 0,
        "recovered": 1,
      },
      Object {
        "confirmed": 25,
        "date": "2020-02-06T23:00:00.000Z",
        "deceased": 0,
        "recovered": 1,
      },
      Object {
        "confirmed": 25,
        "date": "2020-02-07T23:00:00.000Z",
        "deceased": 0,
        "recovered": 1,
      },
      Object {
        "confirmed": 26,
        "date": "2020-02-08T23:00:00.000Z",
        "deceased": 0,
        "recovered": 1,
      },
      Object {
        "confirmed": 26,
        "date": "2020-02-09T23:00:00.000Z",
        "deceased": 0,
        "recovered": 4,
      },
      Object {
        "confirmed": 26,
        "date": "2020-02-10T23:00:00.000Z",
        "deceased": 0,
        "recovered": 9,
      },
      Object {
        "confirmed": 28,
        "date": "2020-02-11T23:00:00.000Z",
        "deceased": 0,
        "recovered": 9,
      },
      Object {
        "confirmed": 28,
        "date": "2020-02-12T23:00:00.000Z",
        "deceased": 1,
        "recovered": 9,
      },
      Object {
        "confirmed": 29,
        "date": "2020-02-13T23:00:00.000Z",
        "deceased": 1,
        "recovered": 9,
      },
      Object {
        "confirmed": 43,
        "date": "2020-02-14T23:00:00.000Z",
        "deceased": 1,
        "recovered": 12,
      },
      Object {
        "confirmed": 59,
        "date": "2020-02-15T23:00:00.000Z",
        "deceased": 1,
        "recovered": 12,
      },
      Object {
        "confirmed": 66,
        "date": "2020-02-16T23:00:00.000Z",
        "deceased": 1,
        "recovered": 12,
      },
      Object {
        "confirmed": 74,
        "date": "2020-02-17T23:00:00.000Z",
        "deceased": 1,
        "recovered": 13,
      },
      Object {
        "confirmed": 84,
        "date": "2020-02-18T23:00:00.000Z",
        "deceased": 1,
        "recovered": 18,
      },
      Object {
        "confirmed": 94,
        "date": "2020-02-19T23:00:00.000Z",
        "deceased": 1,
        "recovered": 18,
      },
      Object {
        "confirmed": 105,
        "date": "2020-02-20T23:00:00.000Z",
        "deceased": 1,
        "recovered": 22,
      },
      Object {
        "confirmed": 122,
        "date": "2020-02-21T23:00:00.000Z",
        "deceased": 1,
        "recovered": 22,
      },
      Object {
        "confirmed": 147,
        "date": "2020-02-22T23:00:00.000Z",
        "deceased": 1,
        "recovered": 22,
      },
      Object {
        "confirmed": 159,
        "date": "2020-02-23T23:00:00.000Z",
        "deceased": 1,
        "recovered": 22,
      },
      Object {
        "confirmed": 170,
        "date": "2020-02-24T23:00:00.000Z",
        "deceased": 1,
        "recovered": 22,
      },
      Object {
        "confirmed": 189,
        "date": "2020-02-25T23:00:00.000Z",
        "deceased": 2,
        "recovered": 22,
      },
      Object {
        "confirmed": 214,
        "date": "2020-02-26T23:00:00.000Z",
        "deceased": 4,
        "recovered": 22,
      },
      Object {
        "confirmed": 228,
        "date": "2020-02-27T23:00:00.000Z",
        "deceased": 4,
        "recovered": 22,
      },
      Object {
        "confirmed": 241,
        "date": "2020-02-28T23:00:00.000Z",
        "deceased": 5,
        "recovered": 32,
      },
      Object {
        "confirmed": 256,
        "date": "2020-02-29T23:00:00.000Z",
        "deceased": 6,
        "recovered": 32,
      },
      Object {
        "confirmed": 274,
        "date": "2020-03-01T23:00:00.000Z",
        "deceased": 6,
        "recovered": 32,
      },
      Object {
        "confirmed": 293,
        "date": "2020-03-02T23:00:00.000Z",
        "deceased": 6,
        "recovered": 43,
      },
      Object {
        "confirmed": 331,
        "date": "2020-03-03T23:00:00.000Z",
        "deceased": 6,
        "recovered": 43,
      },
      Object {
        "confirmed": 360,
        "date": "2020-03-04T23:00:00.000Z",
        "deceased": 6,
        "recovered": 43,
      },
      Object {
        "confirmed": 420,
        "date": "2020-03-05T23:00:00.000Z",
        "deceased": 6,
        "recovered": 46,
      },
      Object {
        "confirmed": 461,
        "date": "2020-03-06T23:00:00.000Z",
        "deceased": 6,
        "recovered": 76,
      },
      Object {
        "confirmed": 502,
        "date": "2020-03-07T23:00:00.000Z",
        "deceased": 6,
        "recovered": 76,
      },
      Object {
        "confirmed": 511,
        "date": "2020-03-08T23:00:00.000Z",
        "deceased": 10,
        "recovered": 76,
      },
      Object {
        "confirmed": 581,
        "date": "2020-03-09T23:00:00.000Z",
        "deceased": 10,
        "recovered": 101,
      },
      Object {
        "confirmed": 639,
        "date": "2020-03-10T23:00:00.000Z",
        "deceased": 15,
        "recovered": 118,
      },
      Object {
        "confirmed": 639,
        "date": "2020-03-11T23:00:00.000Z",
        "deceased": 16,
        "recovered": 118,
      },
      Object {
        "confirmed": 701,
        "date": "2020-03-12T23:00:00.000Z",
        "deceased": 19,
        "recovered": 118,
      },
      Object {
        "confirmed": 773,
        "date": "2020-03-13T23:00:00.000Z",
        "deceased": 22,
        "recovered": 118,
      },
      Object {
        "confirmed": 839,
        "date": "2020-03-14T23:00:00.000Z",
        "deceased": 22,
        "recovered": 118,
      },
      Object {
        "confirmed": 825,
        "date": "2020-03-15T23:00:00.000Z",
        "deceased": 27,
        "recovered": 144,
      },
      Object {
        "confirmed": 878,
        "date": "2020-03-16T23:00:00.000Z",
        "deceased": 29,
        "recovered": 144,
      },
    ],
    "state": "",
  },
  Object {
    "countryCode": "SG",
    "items": Array [
      Object {
        "confirmed": 0,
        "date": "2020-01-21T23:00:00.000Z",
        "deceased": 0,
        "recovered": 0,
      },
      Object {
        "confirmed": 1,
        "date": "2020-01-22T23:00:00.000Z",
        "deceased": 0,
        "recovered": 0,
      },
      Object {
        "confirmed": 3,
        "date": "2020-01-23T23:00:00.000Z",
        "deceased": 0,
        "recovered": 0,
      },
      Object {
        "confirmed": 3,
        "date": "2020-01-24T23:00:00.000Z",
        "deceased": 0,
        "recovered": 0,
      },
      Object {
        "confirmed": 4,
        "date": "2020-01-25T23:00:00.000Z",
        "deceased": 0,
        "recovered": 0,
      },
      Object {
        "confirmed": 5,
        "date": "2020-01-26T23:00:00.000Z",
        "deceased": 0,
        "recovered": 0,
      },
      Object {
        "confirmed": 7,
        "date": "2020-01-27T23:00:00.000Z",
        "deceased": 0,
        "recovered": 0,
      },
      Object {
        "confirmed": 7,
        "date": "2020-01-28T23:00:00.000Z",
        "deceased": 0,
        "recovered": 0,
      },
      Object {
        "confirmed": 10,
        "date": "2020-01-29T23:00:00.000Z",
        "deceased": 0,
        "recovered": 0,
      },
      Object {
        "confirmed": 13,
        "date": "2020-01-30T23:00:00.000Z",
        "deceased": 0,
        "recovered": 0,
      },
      Object {
        "confirmed": 16,
        "date": "2020-01-31T23:00:00.000Z",
        "deceased": 0,
        "recovered": 0,
      },
      Object {
        "confirmed": 18,
        "date": "2020-02-01T23:00:00.000Z",
        "deceased": 0,
        "recovered": 0,
      },
      Object {
        "confirmed": 18,
        "date": "2020-02-02T23:00:00.000Z",
        "deceased": 0,
        "recovered": 0,
      },
      Object {
        "confirmed": 24,
        "date": "2020-02-03T23:00:00.000Z",
        "deceased": 0,
        "recovered": 0,
      },
      Object {
        "confirmed": 28,
        "date": "2020-02-04T23:00:00.000Z",
        "deceased": 0,
        "recovered": 0,
      },
      Object {
        "confirmed": 28,
        "date": "2020-02-05T23:00:00.000Z",
        "deceased": 0,
        "recovered": 0,
      },
      Object {
        "confirmed": 30,
        "date": "2020-02-06T23:00:00.000Z",
        "deceased": 0,
        "recovered": 0,
      },
      Object {
        "confirmed": 33,
        "date": "2020-02-07T23:00:00.000Z",
        "deceased": 0,
        "recovered": 2,
      },
      Object {
        "confirmed": 40,
        "date": "2020-02-08T23:00:00.000Z",
        "deceased": 0,
        "recovered": 2,
      },
      Object {
        "confirmed": 45,
        "date": "2020-02-09T23:00:00.000Z",
        "deceased": 0,
        "recovered": 2,
      },
      Object {
        "confirmed": 47,
        "date": "2020-02-10T23:00:00.000Z",
        "deceased": 0,
        "recovered": 9,
      },
      Object {
        "confirmed": 50,
        "date": "2020-02-11T23:00:00.000Z",
        "deceased": 0,
        "recovered": 15,
      },
      Object {
        "confirmed": 58,
        "date": "2020-02-12T23:00:00.000Z",
        "deceased": 0,
        "recovered": 15,
      },
      Object {
        "confirmed": 67,
        "date": "2020-02-13T23:00:00.000Z",
        "deceased": 0,
        "recovered": 17,
      },
      Object {
        "confirmed": 72,
        "date": "2020-02-14T23:00:00.000Z",
        "deceased": 0,
        "recovered": 18,
      },
      Object {
        "confirmed": 75,
        "date": "2020-02-15T23:00:00.000Z",
        "deceased": 0,
        "recovered": 18,
      },
      Object {
        "confirmed": 77,
        "date": "2020-02-16T23:00:00.000Z",
        "deceased": 0,
        "recovered": 24,
      },
      Object {
        "confirmed": 81,
        "date": "2020-02-17T23:00:00.000Z",
        "deceased": 0,
        "recovered": 29,
      },
      Object {
        "confirmed": 84,
        "date": "2020-02-18T23:00:00.000Z",
        "deceased": 0,
        "recovered": 34,
      },
      Object {
        "confirmed": 84,
        "date": "2020-02-19T23:00:00.000Z",
        "deceased": 0,
        "recovered": 34,
      },
      Object {
        "confirmed": 85,
        "date": "2020-02-20T23:00:00.000Z",
        "deceased": 0,
        "recovered": 37,
      },
      Object {
        "confirmed": 85,
        "date": "2020-02-21T23:00:00.000Z",
        "deceased": 0,
        "recovered": 37,
      },
      Object {
        "confirmed": 89,
        "date": "2020-02-22T23:00:00.000Z",
        "deceased": 0,
        "recovered": 51,
      },
      Object {
        "confirmed": 89,
        "date": "2020-02-23T23:00:00.000Z",
        "deceased": 0,
        "recovered": 51,
      },
      Object {
        "confirmed": 91,
        "date": "2020-02-24T23:00:00.000Z",
        "deceased": 0,
        "recovered": 53,
      },
      Object {
        "confirmed": 93,
        "date": "2020-02-25T23:00:00.000Z",
        "deceased": 0,
        "recovered": 62,
      },
      Object {
        "confirmed": 93,
        "date": "2020-02-26T23:00:00.000Z",
        "deceased": 0,
        "recovered": 62,
      },
      Object {
        "confirmed": 93,
        "date": "2020-02-27T23:00:00.000Z",
        "deceased": 0,
        "recovered": 62,
      },
      Object {
        "confirmed": 102,
        "date": "2020-02-28T23:00:00.000Z",
        "deceased": 0,
        "recovered": 72,
      },
      Object {
        "confirmed": 106,
        "date": "2020-02-29T23:00:00.000Z",
        "deceased": 0,
        "recovered": 72,
      },
      Object {
        "confirmed": 108,
        "date": "2020-03-01T23:00:00.000Z",
        "deceased": 0,
        "recovered": 78,
      },
      Object {
        "confirmed": 110,
        "date": "2020-03-02T23:00:00.000Z",
        "deceased": 0,
        "recovered": 78,
      },
      Object {
        "confirmed": 110,
        "date": "2020-03-03T23:00:00.000Z",
        "deceased": 0,
        "recovered": 78,
      },
      Object {
        "confirmed": 117,
        "date": "2020-03-04T23:00:00.000Z",
        "deceased": 0,
        "recovered": 78,
      },
      Object {
        "confirmed": 130,
        "date": "2020-03-05T23:00:00.000Z",
        "deceased": 0,
        "recovered": 78,
      },
      Object {
        "confirmed": 138,
        "date": "2020-03-06T23:00:00.000Z",
        "deceased": 0,
        "recovered": 78,
      },
      Object {
        "confirmed": 150,
        "date": "2020-03-07T23:00:00.000Z",
        "deceased": 0,
        "recovered": 78,
      },
      Object {
        "confirmed": 150,
        "date": "2020-03-08T23:00:00.000Z",
        "deceased": 0,
        "recovered": 78,
      },
      Object {
        "confirmed": 160,
        "date": "2020-03-09T23:00:00.000Z",
        "deceased": 0,
        "recovered": 78,
      },
      Object {
        "confirmed": 178,
        "date": "2020-03-10T23:00:00.000Z",
        "deceased": 0,
        "recovered": 96,
      },
      Object {
        "confirmed": 178,
        "date": "2020-03-11T23:00:00.000Z",
        "deceased": 0,
        "recovered": 96,
      },
      Object {
        "confirmed": 200,
        "date": "2020-03-12T23:00:00.000Z",
        "deceased": 0,
        "recovered": 97,
      },
      Object {
        "confirmed": 212,
        "date": "2020-03-13T23:00:00.000Z",
        "deceased": 0,
        "recovered": 105,
      },
      Object {
        "confirmed": 226,
        "date": "2020-03-14T23:00:00.000Z",
        "deceased": 0,
        "recovered": 105,
      },
      Object {
        "confirmed": 243,
        "date": "2020-03-15T23:00:00.000Z",
        "deceased": 0,
        "recovered": 109,
      },
      Object {
        "confirmed": 266,
        "date": "2020-03-16T23:00:00.000Z",
        "deceased": 0,
        "recovered": 114,
      },
    ],
    "state": "",
  },
  Object {
    "countryCode": "NP",
    "items": Array [
      Object {
        "confirmed": 0,
        "date": "2020-01-21T23:00:00.000Z",
        "deceased": 0,
        "recovered": 0,
      },
      Object {
        "confirmed": 0,
        "date": "2020-01-22T23:00:00.000Z",
        "deceased": 0,
        "recovered": 0,
      },
      Object {
        "confirmed": 0,
        "date": "2020-01-23T23:00:00.000Z",
        "deceased": 0,
        "recovered": 0,
      },
      Object {
        "confirmed": 1,
        "date": "2020-01-24T23:00:00.000Z",
        "deceased": 0,
        "recovered": 0,
      },
      Object {
        "confirmed": 1,
        "date": "2020-01-25T23:00:00.000Z",
        "deceased": 0,
        "recovered": 0,
      },
      Object {
        "confirmed": 1,
        "date": "2020-01-26T23:00:00.000Z",
        "deceased": 0,
        "recovered": 0,
      },
      Object {
        "confirmed": 1,
        "date": "2020-01-27T23:00:00.000Z",
        "deceased": 0,
        "recovered": 0,
      },
      Object {
        "confirmed": 1,
        "date": "2020-01-28T23:00:00.000Z",
        "deceased": 0,
        "recovered": 0,
      },
      Object {
        "confirmed": 1,
        "date": "2020-01-29T23:00:00.000Z",
        "deceased": 0,
        "recovered": 0,
      },
      Object {
        "confirmed": 1,
        "date": "2020-01-30T23:00:00.000Z",
        "deceased": 0,
        "recovered": 0,
      },
      Object {
        "confirmed": 1,
        "date": "2020-01-31T23:00:00.000Z",
        "deceased": 0,
        "recovered": 0,
      },
      Object {
        "confirmed": 1,
        "date": "2020-02-01T23:00:00.000Z",
        "deceased": 0,
        "recovered": 0,
      },
      Object {
        "confirmed": 1,
        "date": "2020-02-02T23:00:00.000Z",
        "deceased": 0,
        "recovered": 0,
      },
      Object {
        "confirmed": 1,
        "date": "2020-02-03T23:00:00.000Z",
        "deceased": 0,
        "recovered": 0,
      },
      Object {
        "confirmed": 1,
        "date": "2020-02-04T23:00:00.000Z",
        "deceased": 0,
        "recovered": 0,
      },
      Object {
        "confirmed": 1,
        "date": "2020-02-05T23:00:00.000Z",
        "deceased": 0,
        "recovered": 0,
      },
      Object {
        "confirmed": 1,
        "date": "2020-02-06T23:00:00.000Z",
        "deceased": 0,
        "recovered": 0,
      },
      Object {
        "confirmed": 1,
        "date": "2020-02-07T23:00:00.000Z",
        "deceased": 0,
        "recovered": 0,
      },
      Object {
        "confirmed": 1,
        "date": "2020-02-08T23:00:00.000Z",
        "deceased": 0,
        "recovered": 0,
      },
      Object {
        "confirmed": 1,
        "date": "2020-02-09T23:00:00.000Z",
        "deceased": 0,
        "recovered": 0,
      },
      Object {
        "confirmed": 1,
        "date": "2020-02-10T23:00:00.000Z",
        "deceased": 0,
        "recovered": 0,
      },
      Object {
        "confirmed": 1,
        "date": "2020-02-11T23:00:00.000Z",
        "deceased": 0,
        "recovered": 1,
      },
      Object {
        "confirmed": 1,
        "date": "2020-02-12T23:00:00.000Z",
        "deceased": 0,
        "recovered": 1,
      },
      Object {
        "confirmed": 1,
        "date": "2020-02-13T23:00:00.000Z",
        "deceased": 0,
        "recovered": 1,
      },
      Object {
        "confirmed": 1,
        "date": "2020-02-14T23:00:00.000Z",
        "deceased": 0,
        "recovered": 1,
      },
      Object {
        "confirmed": 1,
        "date": "2020-02-15T23:00:00.000Z",
        "deceased": 0,
        "recovered": 1,
      },
      Object {
        "confirmed": 1,
        "date": "2020-02-16T23:00:00.000Z",
        "deceased": 0,
        "recovered": 1,
      },
      Object {
        "confirmed": 1,
        "date": "2020-02-17T23:00:00.000Z",
        "deceased": 0,
        "recovered": 1,
      },
      Object {
        "confirmed": 1,
        "date": "2020-02-18T23:00:00.000Z",
        "deceased": 0,
        "recovered": 1,
      },
      Object {
        "confirmed": 1,
        "date": "2020-02-19T23:00:00.000Z",
        "deceased": 0,
        "recovered": 1,
      },
      Object {
        "confirmed": 1,
        "date": "2020-02-20T23:00:00.000Z",
        "deceased": 0,
        "recovered": 1,
      },
      Object {
        "confirmed": 1,
        "date": "2020-02-21T23:00:00.000Z",
        "deceased": 0,
        "recovered": 1,
      },
      Object {
        "confirmed": 1,
        "date": "2020-02-22T23:00:00.000Z",
        "deceased": 0,
        "recovered": 1,
      },
      Object {
        "confirmed": 1,
        "date": "2020-02-23T23:00:00.000Z",
        "deceased": 0,
        "recovered": 1,
      },
      Object {
        "confirmed": 1,
        "date": "2020-02-24T23:00:00.000Z",
        "deceased": 0,
        "recovered": 1,
      },
      Object {
        "confirmed": 1,
        "date": "2020-02-25T23:00:00.000Z",
        "deceased": 0,
        "recovered": 1,
      },
      Object {
        "confirmed": 1,
        "date": "2020-02-26T23:00:00.000Z",
        "deceased": 0,
        "recovered": 1,
      },
      Object {
        "confirmed": 1,
        "date": "2020-02-27T23:00:00.000Z",
        "deceased": 0,
        "recovered": 1,
      },
      Object {
        "confirmed": 1,
        "date": "2020-02-28T23:00:00.000Z",
        "deceased": 0,
        "recovered": 1,
      },
      Object {
        "confirmed": 1,
        "date": "2020-02-29T23:00:00.000Z",
        "deceased": 0,
        "recovered": 1,
      },
      Object {
        "confirmed": 1,
        "date": "2020-03-01T23:00:00.000Z",
        "deceased": 0,
        "recovered": 1,
      },
      Object {
        "confirmed": 1,
        "date": "2020-03-02T23:00:00.000Z",
        "deceased": 0,
        "recovered": 1,
      },
      Object {
        "confirmed": 1,
        "date": "2020-03-03T23:00:00.000Z",
        "deceased": 0,
        "recovered": 1,
      },
      Object {
        "confirmed": 1,
        "date": "2020-03-04T23:00:00.000Z",
        "deceased": 0,
        "recovered": 1,
      },
      Object {
        "confirmed": 1,
        "date": "2020-03-05T23:00:00.000Z",
        "deceased": 0,
        "recovered": 1,
      },
      Object {
        "confirmed": 1,
        "date": "2020-03-06T23:00:00.000Z",
        "deceased": 0,
        "recovered": 1,
      },
      Object {
        "confirmed": 1,
        "date": "2020-03-07T23:00:00.000Z",
        "deceased": 0,
        "recovered": 1,
      },
      Object {
        "confirmed": 1,
        "date": "2020-03-08T23:00:00.000Z",
        "deceased": 0,
        "recovered": 1,
      },
      Object {
        "confirmed": 1,
        "date": "2020-03-09T23:00:00.000Z",
        "deceased": 0,
        "recovered": 1,
      },
      Object {
        "confirmed": 1,
        "date": "2020-03-10T23:00:00.000Z",
        "deceased": 0,
        "recovered": 1,
      },
      Object {
        "confirmed": 1,
        "date": "2020-03-11T23:00:00.000Z",
        "deceased": 0,
        "recovered": 1,
      },
      Object {
        "confirmed": 1,
        "date": "2020-03-12T23:00:00.000Z",
        "deceased": 0,
        "recovered": 1,
      },
      Object {
        "confirmed": 1,
        "date": "2020-03-13T23:00:00.000Z",
        "deceased": 0,
        "recovered": 1,
      },
      Object {
        "confirmed": 1,
        "date": "2020-03-14T23:00:00.000Z",
        "deceased": 0,
        "recovered": 1,
      },
      Object {
        "confirmed": 1,
        "date": "2020-03-15T23:00:00.000Z",
        "deceased": 0,
        "recovered": 1,
      },
      Object {
        "confirmed": 1,
        "date": "2020-03-16T23:00:00.000Z",
        "deceased": 0,
        "recovered": 1,
      },
    ],
    "state": "",
  },
  Object {
    "countryCode": "MY",
    "items": Array [
      Object {
        "confirmed": 0,
        "date": "2020-01-21T23:00:00.000Z",
        "deceased": 0,
        "recovered": 0,
      },
      Object {
        "confirmed": 0,
        "date": "2020-01-22T23:00:00.000Z",
        "deceased": 0,
        "recovered": 0,
      },
      Object {
        "confirmed": 0,
        "date": "2020-01-23T23:00:00.000Z",
        "deceased": 0,
        "recovered": 0,
      },
      Object {
        "confirmed": 3,
        "date": "2020-01-24T23:00:00.000Z",
        "deceased": 0,
        "recovered": 0,
      },
      Object {
        "confirmed": 4,
        "date": "2020-01-25T23:00:00.000Z",
        "deceased": 0,
        "recovered": 0,
      },
      Object {
        "confirmed": 4,
        "date": "2020-01-26T23:00:00.000Z",
        "deceased": 0,
        "recovered": 0,
      },
      Object {
        "confirmed": 4,
        "date": "2020-01-27T23:00:00.000Z",
        "deceased": 0,
        "recovered": 0,
      },
      Object {
        "confirmed": 7,
        "date": "2020-01-28T23:00:00.000Z",
        "deceased": 0,
        "recovered": 0,
      },
      Object {
        "confirmed": 8,
        "date": "2020-01-29T23:00:00.000Z",
        "deceased": 0,
        "recovered": 0,
      },
      Object {
        "confirmed": 8,
        "date": "2020-01-30T23:00:00.000Z",
        "deceased": 0,
        "recovered": 0,
      },
      Object {
        "confirmed": 8,
        "date": "2020-01-31T23:00:00.000Z",
        "deceased": 0,
        "recovered": 0,
      },
      Object {
        "confirmed": 8,
        "date": "2020-02-01T23:00:00.000Z",
        "deceased": 0,
        "recovered": 0,
      },
      Object {
        "confirmed": 8,
        "date": "2020-02-02T23:00:00.000Z",
        "deceased": 0,
        "recovered": 0,
      },
      Object {
        "confirmed": 10,
        "date": "2020-02-03T23:00:00.000Z",
        "deceased": 0,
        "recovered": 0,
      },
      Object {
        "confirmed": 12,
        "date": "2020-02-04T23:00:00.000Z",
        "deceased": 0,
        "recovered": 0,
      },
      Object {
        "confirmed": 12,
        "date": "2020-02-05T23:00:00.000Z",
        "deceased": 0,
        "recovered": 0,
      },
      Object {
        "confirmed": 12,
        "date": "2020-02-06T23:00:00.000Z",
        "deceased": 0,
        "recovered": 1,
      },
      Object {
        "confirmed": 16,
        "date": "2020-02-07T23:00:00.000Z",
        "deceased": 0,
        "recovered": 1,
      },
      Object {
        "confirmed": 16,
        "date": "2020-02-08T23:00:00.000Z",
        "deceased": 0,
        "recovered": 1,
      },
      Object {
        "confirmed": 18,
        "date": "2020-02-09T23:00:00.000Z",
        "deceased": 0,
        "recovered": 1,
      },
      Object {
        "confirmed": 18,
        "date": "2020-02-10T23:00:00.000Z",
        "deceased": 0,
        "recovered": 3,
      },
      Object {
        "confirmed": 18,
        "date": "2020-02-11T23:00:00.000Z",
        "deceased": 0,
        "recovered": 3,
      },
      Object {
        "confirmed": 19,
        "date": "2020-02-12T23:00:00.000Z",
        "deceased": 0,
        "recovered": 3,
      },
      Object {
        "confirmed": 19,
        "date": "2020-02-13T23:00:00.000Z",
        "deceased": 0,
        "recovered": 3,
      },
      Object {
        "confirmed": 22,
        "date": "2020-02-14T23:00:00.000Z",
        "deceased": 0,
        "recovered": 7,
      },
      Object {
        "confirmed": 22,
        "date": "2020-02-15T23:00:00.000Z",
        "deceased": 0,
        "recovered": 7,
      },
      Object {
        "confirmed": 22,
        "date": "2020-02-16T23:00:00.000Z",
        "deceased": 0,
        "recovered": 7,
      },
      Object {
        "confirmed": 22,
        "date": "2020-02-17T23:00:00.000Z",
        "deceased": 0,
        "recovered": 13,
      },
      Object {
        "confirmed": 22,
        "date": "2020-02-18T23:00:00.000Z",
        "deceased": 0,
        "recovered": 15,
      },
      Object {
        "confirmed": 22,
        "date": "2020-02-19T23:00:00.000Z",
        "deceased": 0,
        "recovered": 15,
      },
      Object {
        "confirmed": 22,
        "date": "2020-02-20T23:00:00.000Z",
        "deceased": 0,
        "recovered": 15,
      },
      Object {
        "confirmed": 22,
        "date": "2020-02-21T23:00:00.000Z",
        "deceased": 0,
        "recovered": 15,
      },
      Object {
        "confirmed": 22,
        "date": "2020-02-22T23:00:00.000Z",
        "deceased": 0,
        "recovered": 15,
      },
      Object {
        "confirmed": 22,
        "date": "2020-02-23T23:00:00.000Z",
        "deceased": 0,
        "recovered": 18,
      },
      Object {
        "confirmed": 22,
        "date": "2020-02-24T23:00:00.000Z",
        "deceased": 0,
        "recovered": 18,
      },
      Object {
        "confirmed": 22,
        "date": "2020-02-25T23:00:00.000Z",
        "deceased": 0,
        "recovered": 18,
      },
      Object {
        "confirmed": 23,
        "date": "2020-02-26T23:00:00.000Z",
        "deceased": 0,
        "recovered": 18,
      },
      Object {
        "confirmed": 23,
        "date": "2020-02-27T23:00:00.000Z",
        "deceased": 0,
        "recovered": 18,
      },
      Object {
        "confirmed": 25,
        "date": "2020-02-28T23:00:00.000Z",
        "deceased": 0,
        "recovered": 18,
      },
      Object {
        "confirmed": 29,
        "date": "2020-02-29T23:00:00.000Z",
        "deceased": 0,
        "recovered": 18,
      },
      Object {
        "confirmed": 29,
        "date": "2020-03-01T23:00:00.000Z",
        "deceased": 0,
        "recovered": 18,
      },
      Object {
        "confirmed": 36,
        "date": "2020-03-02T23:00:00.000Z",
        "deceased": 0,
        "recovered": 22,
      },
      Object {
        "confirmed": 50,
        "date": "2020-03-03T23:00:00.000Z",
        "deceased": 0,
        "recovered": 22,
      },
      Object {
        "confirmed": 50,
        "date": "2020-03-04T23:00:00.000Z",
        "deceased": 0,
        "recovered": 22,
      },
      Object {
        "confirmed": 83,
        "date": "2020-03-05T23:00:00.000Z",
        "deceased": 0,
        "recovered": 22,
      },
      Object {
        "confirmed": 93,
        "date": "2020-03-06T23:00:00.000Z",
        "deceased": 0,
        "recovered": 23,
      },
      Object {
        "confirmed": 99,
        "date": "2020-03-07T23:00:00.000Z",
        "deceased": 0,
        "recovered": 24,
      },
      Object {
        "confirmed": 117,
        "date": "2020-03-08T23:00:00.000Z",
        "deceased": 0,
        "recovered": 24,
      },
      Object {
        "confirmed": 129,
        "date": "2020-03-09T23:00:00.000Z",
        "deceased": 0,
        "recovered": 24,
      },
      Object {
        "confirmed": 149,
        "date": "2020-03-10T23:00:00.000Z",
        "deceased": 0,
        "recovered": 26,
      },
      Object {
        "confirmed": 149,
        "date": "2020-03-11T23:00:00.000Z",
        "deceased": 0,
        "recovered": 26,
      },
      Object {
        "confirmed": 197,
        "date": "2020-03-12T23:00:00.000Z",
        "deceased": 0,
        "recovered": 26,
      },
      Object {
        "confirmed": 238,
        "date": "2020-03-13T23:00:00.000Z",
        "deceased": 0,
        "recovered": 35,
      },
      Object {
        "confirmed": 428,
        "date": "2020-03-14T23:00:00.000Z",
        "deceased": 0,
        "recovered": 42,
      },
      Object {
        "confirmed": 566,
        "date": "2020-03-15T23:00:00.000Z",
        "deceased": 0,
        "recovered": 42,
      },
      Object {
        "confirmed": 673,
        "date": "2020-03-16T23:00:00.000Z",
        "deceased": 2,
        "recovered": 49,
      },
    ],
    "state": "",
  },
  Object {
    "countryCode": "CA",
    "items": Array [
      Object {
        "confirmed": 0,
        "date": "2020-01-21T23:00:00.000Z",
        "deceased": 0,
        "recovered": 0,
      },
      Object {
        "confirmed": 0,
        "date": "2020-01-22T23:00:00.000Z",
        "deceased": 0,
        "recovered": 0,
      },
      Object {
        "confirmed": 0,
        "date": "2020-01-23T23:00:00.000Z",
        "deceased": 0,
        "recovered": 0,
      },
      Object {
        "confirmed": 0,
        "date": "2020-01-24T23:00:00.000Z",
        "deceased": 0,
        "recovered": 0,
      },
      Object {
        "confirmed": 0,
        "date": "2020-01-25T23:00:00.000Z",
        "deceased": 0,
        "recovered": 0,
      },
      Object {
        "confirmed": 0,
        "date": "2020-01-26T23:00:00.000Z",
        "deceased": 0,
        "recovered": 0,
      },
      Object {
        "confirmed": 1,
        "date": "2020-01-27T23:00:00.000Z",
        "deceased": 0,
        "recovered": 0,
      },
      Object {
        "confirmed": 1,
        "date": "2020-01-28T23:00:00.000Z",
        "deceased": 0,
        "recovered": 0,
      },
      Object {
        "confirmed": 1,
        "date": "2020-01-29T23:00:00.000Z",
        "deceased": 0,
        "recovered": 0,
      },
      Object {
        "confirmed": 1,
        "date": "2020-01-30T23:00:00.000Z",
        "deceased": 0,
        "recovered": 0,
      },
      Object {
        "confirmed": 1,
        "date": "2020-01-31T23:00:00.000Z",
        "deceased": 0,
        "recovered": 0,
      },
      Object {
        "confirmed": 1,
        "date": "2020-02-01T23:00:00.000Z",
        "deceased": 0,
        "recovered": 0,
      },
      Object {
        "confirmed": 1,
        "date": "2020-02-02T23:00:00.000Z",
        "deceased": 0,
        "recovered": 0,
      },
      Object {
        "confirmed": 1,
        "date": "2020-02-03T23:00:00.000Z",
        "deceased": 0,
        "recovered": 0,
      },
      Object {
        "confirmed": 2,
        "date": "2020-02-04T23:00:00.000Z",
        "deceased": 0,
        "recovered": 0,
      },
      Object {
        "confirmed": 2,
        "date": "2020-02-05T23:00:00.000Z",
        "deceased": 0,
        "recovered": 0,
      },
      Object {
        "confirmed": 4,
        "date": "2020-02-06T23:00:00.000Z",
        "deceased": 0,
        "recovered": 0,
      },
      Object {
        "confirmed": 4,
        "date": "2020-02-07T23:00:00.000Z",
        "deceased": 0,
        "recovered": 0,
      },
      Object {
        "confirmed": 4,
        "date": "2020-02-08T23:00:00.000Z",
        "deceased": 0,
        "recovered": 0,
      },
      Object {
        "confirmed": 4,
        "date": "2020-02-09T23:00:00.000Z",
        "deceased": 0,
        "recovered": 0,
      },
      Object {
        "confirmed": 4,
        "date": "2020-02-10T23:00:00.000Z",
        "deceased": 0,
        "recovered": 0,
      },
      Object {
        "confirmed": 4,
        "date": "2020-02-11T23:00:00.000Z",
        "deceased": 0,
        "recovered": 0,
      },
      Object {
        "confirmed": 4,
        "date": "2020-02-12T23:00:00.000Z",
        "deceased": 0,
        "recovered": 0,
      },
      Object {
        "confirmed": 4,
        "date": "2020-02-13T23:00:00.000Z",
        "deceased": 0,
        "recovered": 0,
      },
      Object {
        "confirmed": 4,
        "date": "2020-02-14T23:00:00.000Z",
        "deceased": 0,
        "recovered": 0,
      },
      Object {
        "confirmed": 4,
        "date": "2020-02-15T23:00:00.000Z",
        "deceased": 0,
        "recovered": 0,
      },
      Object {
        "confirmed": 5,
        "date": "2020-02-16T23:00:00.000Z",
        "deceased": 0,
        "recovered": 0,
      },
      Object {
        "confirmed": 5,
        "date": "2020-02-17T23:00:00.000Z",
        "deceased": 0,
        "recovered": 0,
      },
      Object {
        "confirmed": 5,
        "date": "2020-02-18T23:00:00.000Z",
        "deceased": 0,
        "recovered": 0,
      },
      Object {
        "confirmed": 5,
        "date": "2020-02-19T23:00:00.000Z",
        "deceased": 0,
        "recovered": 0,
      },
      Object {
        "confirmed": 6,
        "date": "2020-02-20T23:00:00.000Z",
        "deceased": 0,
        "recovered": 0,
      },
      Object {
        "confirmed": 6,
        "date": "2020-02-21T23:00:00.000Z",
        "deceased": 0,
        "recovered": 0,
      },
      Object {
        "confirmed": 6,
        "date": "2020-02-22T23:00:00.000Z",
        "deceased": 0,
        "recovered": 0,
      },
      Object {
        "confirmed": 6,
        "date": "2020-02-23T23:00:00.000Z",
        "deceased": 0,
        "recovered": 0,
      },
      Object {
        "confirmed": 7,
        "date": "2020-02-24T23:00:00.000Z",
        "deceased": 0,
        "recovered": 0,
      },
      Object {
        "confirmed": 7,
        "date": "2020-02-25T23:00:00.000Z",
        "deceased": 0,
        "recovered": 0,
      },
      Object {
        "confirmed": 7,
        "date": "2020-02-26T23:00:00.000Z",
        "deceased": 0,
        "recovered": 3,
      },
      Object {
        "confirmed": 7,
        "date": "2020-02-27T23:00:00.000Z",
        "deceased": 0,
        "recovered": 3,
      },
      Object {
        "confirmed": 8,
        "date": "2020-02-28T23:00:00.000Z",
        "deceased": 0,
        "recovered": 3,
      },
      Object {
        "confirmed": 8,
        "date": "2020-02-29T23:00:00.000Z",
        "deceased": 0,
        "recovered": 3,
      },
      Object {
        "confirmed": 8,
        "date": "2020-03-01T23:00:00.000Z",
        "deceased": 0,
        "recovered": 3,
      },
      Object {
        "confirmed": 9,
        "date": "2020-03-02T23:00:00.000Z",
        "deceased": 0,
        "recovered": 3,
      },
      Object {
        "confirmed": 12,
        "date": "2020-03-03T23:00:00.000Z",
        "deceased": 0,
        "recovered": 3,
      },
      Object {
        "confirmed": 13,
        "date": "2020-03-04T23:00:00.000Z",
        "deceased": 0,
        "recovered": 3,
      },
      Object {
        "confirmed": 21,
        "date": "2020-03-05T23:00:00.000Z",
        "deceased": 0,
        "recovered": 3,
      },
      Object {
        "confirmed": 21,
        "date": "2020-03-06T23:00:00.000Z",
        "deceased": 0,
        "recovered": 4,
      },
      Object {
        "confirmed": 27,
        "date": "2020-03-07T23:00:00.000Z",
        "deceased": 0,
        "recovered": 4,
      },
      Object {
        "confirmed": 32,
        "date": "2020-03-08T23:00:00.000Z",
        "deceased": 1,
        "recovered": 4,
      },
      Object {
        "confirmed": 32,
        "date": "2020-03-09T23:00:00.000Z",
        "deceased": 1,
        "recovered": 4,
      },
      Object {
        "confirmed": 39,
        "date": "2020-03-10T23:00:00.000Z",
        "deceased": 1,
        "recovered": 4,
      },
      Object {
        "confirmed": 46,
        "date": "2020-03-11T23:00:00.000Z",
        "deceased": 1,
        "recovered": 4,
      },
      Object {
        "confirmed": 64,
        "date": "2020-03-12T23:00:00.000Z",
        "deceased": 1,
        "recovered": 4,
      },
      Object {
        "confirmed": 64,
        "date": "2020-03-13T23:00:00.000Z",
        "deceased": 1,
        "recovered": 4,
      },
      Object {
        "confirmed": 73,
        "date": "2020-03-14T23:00:00.000Z",
        "deceased": 1,
        "recovered": 4,
      },
      Object {
        "confirmed": 103,
        "date": "2020-03-15T23:00:00.000Z",
        "deceased": 4,
        "recovered": 4,
      },
      Object {
        "confirmed": 103,
        "date": "2020-03-16T23:00:00.000Z",
        "deceased": 4,
        "recovered": 4,
      },
    ],
    "state": "British Columbia",
  },
  Object {
    "countryCode": "AU",
    "items": Array [
      Object {
        "confirmed": 0,
        "date": "2020-01-21T23:00:00.000Z",
        "deceased": 0,
        "recovered": 0,
      },
      Object {
        "confirmed": 0,
        "date": "2020-01-22T23:00:00.000Z",
        "deceased": 0,
        "recovered": 0,
      },
      Object {
        "confirmed": 0,
        "date": "2020-01-23T23:00:00.000Z",
        "deceased": 0,
        "recovered": 0,
      },
      Object {
        "confirmed": 0,
        "date": "2020-01-24T23:00:00.000Z",
        "deceased": 0,
        "recovered": 0,
      },
      Object {
        "confirmed": 3,
        "date": "2020-01-25T23:00:00.000Z",
        "deceased": 0,
        "recovered": 0,
      },
      Object {
        "confirmed": 4,
        "date": "2020-01-26T23:00:00.000Z",
        "deceased": 0,
        "recovered": 0,
      },
      Object {
        "confirmed": 4,
        "date": "2020-01-27T23:00:00.000Z",
        "deceased": 0,
        "recovered": 0,
      },
      Object {
        "confirmed": 4,
        "date": "2020-01-28T23:00:00.000Z",
        "deceased": 0,
        "recovered": 0,
      },
      Object {
        "confirmed": 4,
        "date": "2020-01-29T23:00:00.000Z",
        "deceased": 0,
        "recovered": 2,
      },
      Object {
        "confirmed": 4,
        "date": "2020-01-30T23:00:00.000Z",
        "deceased": 0,
        "recovered": 2,
      },
      Object {
        "confirmed": 4,
        "date": "2020-01-31T23:00:00.000Z",
        "deceased": 0,
        "recovered": 2,
      },
      Object {
        "confirmed": 4,
        "date": "2020-02-01T23:00:00.000Z",
        "deceased": 0,
        "recovered": 2,
      },
      Object {
        "confirmed": 4,
        "date": "2020-02-02T23:00:00.000Z",
        "deceased": 0,
        "recovered": 2,
      },
      Object {
        "confirmed": 4,
        "date": "2020-02-03T23:00:00.000Z",
        "deceased": 0,
        "recovered": 2,
      },
      Object {
        "confirmed": 4,
        "date": "2020-02-04T23:00:00.000Z",
        "deceased": 0,
        "recovered": 2,
      },
      Object {
        "confirmed": 4,
        "date": "2020-02-05T23:00:00.000Z",
        "deceased": 0,
        "recovered": 2,
      },
      Object {
        "confirmed": 4,
        "date": "2020-02-06T23:00:00.000Z",
        "deceased": 0,
        "recovered": 2,
      },
      Object {
        "confirmed": 4,
        "date": "2020-02-07T23:00:00.000Z",
        "deceased": 0,
        "recovered": 2,
      },
      Object {
        "confirmed": 4,
        "date": "2020-02-08T23:00:00.000Z",
        "deceased": 0,
        "recovered": 2,
      },
      Object {
        "confirmed": 4,
        "date": "2020-02-09T23:00:00.000Z",
        "deceased": 0,
        "recovered": 2,
      },
      Object {
        "confirmed": 4,
        "date": "2020-02-10T23:00:00.000Z",
        "deceased": 0,
        "recovered": 2,
      },
      Object {
        "confirmed": 4,
        "date": "2020-02-11T23:00:00.000Z",
        "deceased": 0,
        "recovered": 2,
      },
      Object {
        "confirmed": 4,
        "date": "2020-02-12T23:00:00.000Z",
        "deceased": 0,
        "recovered": 4,
      },
      Object {
        "confirmed": 4,
        "date": "2020-02-13T23:00:00.000Z",
        "deceased": 0,
        "recovered": 4,
      },
      Object {
        "confirmed": 4,
        "date": "2020-02-14T23:00:00.000Z",
        "deceased": 0,
        "recovered": 4,
      },
      Object {
        "confirmed": 4,
        "date": "2020-02-15T23:00:00.000Z",
        "deceased": 0,
        "recovered": 4,
      },
      Object {
        "confirmed": 4,
        "date": "2020-02-16T23:00:00.000Z",
        "deceased": 0,
        "recovered": 4,
      },
      Object {
        "confirmed": 4,
        "date": "2020-02-17T23:00:00.000Z",
        "deceased": 0,
        "recovered": 4,
      },
      Object {
        "confirmed": 4,
        "date": "2020-02-18T23:00:00.000Z",
        "deceased": 0,
        "recovered": 4,
      },
      Object {
        "confirmed": 4,
        "date": "2020-02-19T23:00:00.000Z",
        "deceased": 0,
        "recovered": 4,
      },
      Object {
        "confirmed": 4,
        "date": "2020-02-20T23:00:00.000Z",
        "deceased": 0,
        "recovered": 4,
      },
      Object {
        "confirmed": 4,
        "date": "2020-02-21T23:00:00.000Z",
        "deceased": 0,
        "recovered": 4,
      },
      Object {
        "confirmed": 4,
        "date": "2020-02-22T23:00:00.000Z",
        "deceased": 0,
        "recovered": 4,
      },
      Object {
        "confirmed": 4,
        "date": "2020-02-23T23:00:00.000Z",
        "deceased": 0,
        "recovered": 4,
      },
      Object {
        "confirmed": 4,
        "date": "2020-02-24T23:00:00.000Z",
        "deceased": 0,
        "recovered": 4,
      },
      Object {
        "confirmed": 4,
        "date": "2020-02-25T23:00:00.000Z",
        "deceased": 0,
        "recovered": 4,
      },
      Object {
        "confirmed": 4,
        "date": "2020-02-26T23:00:00.000Z",
        "deceased": 0,
        "recovered": 4,
      },
      Object {
        "confirmed": 4,
        "date": "2020-02-27T23:00:00.000Z",
        "deceased": 0,
        "recovered": 4,
      },
      Object {
        "confirmed": 4,
        "date": "2020-02-28T23:00:00.000Z",
        "deceased": 0,
        "recovered": 4,
      },
      Object {
        "confirmed": 6,
        "date": "2020-02-29T23:00:00.000Z",
        "deceased": 0,
        "recovered": 4,
      },
      Object {
        "confirmed": 6,
        "date": "2020-03-01T23:00:00.000Z",
        "deceased": 0,
        "recovered": 4,
      },
      Object {
        "confirmed": 13,
        "date": "2020-03-02T23:00:00.000Z",
        "deceased": 0,
        "recovered": 4,
      },
      Object {
        "confirmed": 22,
        "date": "2020-03-03T23:00:00.000Z",
        "deceased": 1,
        "recovered": 4,
      },
      Object {
        "confirmed": 22,
        "date": "2020-03-04T23:00:00.000Z",
        "deceased": 1,
        "recovered": 4,
      },
      Object {
        "confirmed": 26,
        "date": "2020-03-05T23:00:00.000Z",
        "deceased": 1,
        "recovered": 4,
      },
      Object {
        "confirmed": 28,
        "date": "2020-03-06T23:00:00.000Z",
        "deceased": 1,
        "recovered": 4,
      },
      Object {
        "confirmed": 38,
        "date": "2020-03-07T23:00:00.000Z",
        "deceased": 2,
        "recovered": 4,
      },
      Object {
        "confirmed": 48,
        "date": "2020-03-08T23:00:00.000Z",
        "deceased": 2,
        "recovered": 4,
      },
      Object {
        "confirmed": 55,
        "date": "2020-03-09T23:00:00.000Z",
        "deceased": 2,
        "recovered": 4,
      },
      Object {
        "confirmed": 65,
        "date": "2020-03-10T23:00:00.000Z",
        "deceased": 2,
        "recovered": 4,
      },
      Object {
        "confirmed": 65,
        "date": "2020-03-11T23:00:00.000Z",
        "deceased": 2,
        "recovered": 4,
      },
      Object {
        "confirmed": 92,
        "date": "2020-03-12T23:00:00.000Z",
        "deceased": 2,
        "recovered": 4,
      },
      Object {
        "confirmed": 112,
        "date": "2020-03-13T23:00:00.000Z",
        "deceased": 2,
        "recovered": 4,
      },
      Object {
        "confirmed": 134,
        "date": "2020-03-14T23:00:00.000Z",
        "deceased": 2,
        "recovered": 4,
      },
      Object {
        "confirmed": 171,
        "date": "2020-03-15T23:00:00.000Z",
        "deceased": 2,
        "recovered": 4,
      },
      Object {
        "confirmed": 210,
        "date": "2020-03-16T23:00:00.000Z",
        "deceased": 4,
        "recovered": 4,
      },
    ],
    "state": "New South Wales",
  },
  Object {
    "countryCode": "AU",
    "items": Array [
      Object {
        "confirmed": 0,
        "date": "2020-01-21T23:00:00.000Z",
        "deceased": 0,
        "recovered": 0,
      },
      Object {
        "confirmed": 0,
        "date": "2020-01-22T23:00:00.000Z",
        "deceased": 0,
        "recovered": 0,
      },
      Object {
        "confirmed": 0,
        "date": "2020-01-23T23:00:00.000Z",
        "deceased": 0,
        "recovered": 0,
      },
      Object {
        "confirmed": 0,
        "date": "2020-01-24T23:00:00.000Z",
        "deceased": 0,
        "recovered": 0,
      },
      Object {
        "confirmed": 1,
        "date": "2020-01-25T23:00:00.000Z",
        "deceased": 0,
        "recovered": 0,
      },
      Object {
        "confirmed": 1,
        "date": "2020-01-26T23:00:00.000Z",
        "deceased": 0,
        "recovered": 0,
      },
      Object {
        "confirmed": 1,
        "date": "2020-01-27T23:00:00.000Z",
        "deceased": 0,
        "recovered": 0,
      },
      Object {
        "confirmed": 1,
        "date": "2020-01-28T23:00:00.000Z",
        "deceased": 0,
        "recovered": 0,
      },
      Object {
        "confirmed": 2,
        "date": "2020-01-29T23:00:00.000Z",
        "deceased": 0,
        "recovered": 0,
      },
      Object {
        "confirmed": 3,
        "date": "2020-01-30T23:00:00.000Z",
        "deceased": 0,
        "recovered": 0,
      },
      Object {
        "confirmed": 4,
        "date": "2020-01-31T23:00:00.000Z",
        "deceased": 0,
        "recovered": 0,
      },
      Object {
        "confirmed": 4,
        "date": "2020-02-01T23:00:00.000Z",
        "deceased": 0,
        "recovered": 0,
      },
      Object {
        "confirmed": 4,
        "date": "2020-02-02T23:00:00.000Z",
        "deceased": 0,
        "recovered": 0,
      },
      Object {
        "confirmed": 4,
        "date": "2020-02-03T23:00:00.000Z",
        "deceased": 0,
        "recovered": 0,
      },
      Object {
        "confirmed": 4,
        "date": "2020-02-04T23:00:00.000Z",
        "deceased": 0,
        "recovered": 0,
      },
      Object {
        "confirmed": 4,
        "date": "2020-02-05T23:00:00.000Z",
        "deceased": 0,
        "recovered": 0,
      },
      Object {
        "confirmed": 4,
        "date": "2020-02-06T23:00:00.000Z",
        "deceased": 0,
        "recovered": 0,
      },
      Object {
        "confirmed": 4,
        "date": "2020-02-07T23:00:00.000Z",
        "deceased": 0,
        "recovered": 0,
      },
      Object {
        "confirmed": 4,
        "date": "2020-02-08T23:00:00.000Z",
        "deceased": 0,
        "recovered": 0,
      },
      Object {
        "confirmed": 4,
        "date": "2020-02-09T23:00:00.000Z",
        "deceased": 0,
        "recovered": 0,
      },
      Object {
        "confirmed": 4,
        "date": "2020-02-10T23:00:00.000Z",
        "deceased": 0,
        "recovered": 0,
      },
      Object {
        "confirmed": 4,
        "date": "2020-02-11T23:00:00.000Z",
        "deceased": 0,
        "recovered": 0,
      },
      Object {
        "confirmed": 4,
        "date": "2020-02-12T23:00:00.000Z",
        "deceased": 0,
        "recovered": 4,
      },
      Object {
        "confirmed": 4,
        "date": "2020-02-13T23:00:00.000Z",
        "deceased": 0,
        "recovered": 4,
      },
      Object {
        "confirmed": 4,
        "date": "2020-02-14T23:00:00.000Z",
        "deceased": 0,
        "recovered": 4,
      },
      Object {
        "confirmed": 4,
        "date": "2020-02-15T23:00:00.000Z",
        "deceased": 0,
        "recovered": 4,
      },
      Object {
        "confirmed": 4,
        "date": "2020-02-16T23:00:00.000Z",
        "deceased": 0,
        "recovered": 4,
      },
      Object {
        "confirmed": 4,
        "date": "2020-02-17T23:00:00.000Z",
        "deceased": 0,
        "recovered": 4,
      },
      Object {
        "confirmed": 4,
        "date": "2020-02-18T23:00:00.000Z",
        "deceased": 0,
        "recovered": 4,
      },
      Object {
        "confirmed": 4,
        "date": "2020-02-19T23:00:00.000Z",
        "deceased": 0,
        "recovered": 4,
      },
      Object {
        "confirmed": 4,
        "date": "2020-02-20T23:00:00.000Z",
        "deceased": 0,
        "recovered": 4,
      },
      Object {
        "confirmed": 4,
        "date": "2020-02-21T23:00:00.000Z",
        "deceased": 0,
        "recovered": 4,
      },
      Object {
        "confirmed": 4,
        "date": "2020-02-22T23:00:00.000Z",
        "deceased": 0,
        "recovered": 4,
      },
      Object {
        "confirmed": 4,
        "date": "2020-02-23T23:00:00.000Z",
        "deceased": 0,
        "recovered": 4,
      },
      Object {
        "confirmed": 4,
        "date": "2020-02-24T23:00:00.000Z",
        "deceased": 0,
        "recovered": 4,
      },
      Object {
        "confirmed": 4,
        "date": "2020-02-25T23:00:00.000Z",
        "deceased": 0,
        "recovered": 4,
      },
      Object {
        "confirmed": 4,
        "date": "2020-02-26T23:00:00.000Z",
        "deceased": 0,
        "recovered": 4,
      },
      Object {
        "confirmed": 4,
        "date": "2020-02-27T23:00:00.000Z",
        "deceased": 0,
        "recovered": 4,
      },
      Object {
        "confirmed": 7,
        "date": "2020-02-28T23:00:00.000Z",
        "deceased": 0,
        "recovered": 4,
      },
      Object {
        "confirmed": 7,
        "date": "2020-02-29T23:00:00.000Z",
        "deceased": 0,
        "recovered": 4,
      },
      Object {
        "confirmed": 9,
        "date": "2020-03-01T23:00:00.000Z",
        "deceased": 0,
        "recovered": 4,
      },
      Object {
        "confirmed": 9,
        "date": "2020-03-02T23:00:00.000Z",
        "deceased": 0,
        "recovered": 4,
      },
      Object {
        "confirmed": 10,
        "date": "2020-03-03T23:00:00.000Z",
        "deceased": 0,
        "recovered": 4,
      },
      Object {
        "confirmed": 10,
        "date": "2020-03-04T23:00:00.000Z",
        "deceased": 0,
        "recovered": 7,
      },
      Object {
        "confirmed": 10,
        "date": "2020-03-05T23:00:00.000Z",
        "deceased": 0,
        "recovered": 7,
      },
      Object {
        "confirmed": 11,
        "date": "2020-03-06T23:00:00.000Z",
        "deceased": 0,
        "recovered": 7,
      },
      Object {
        "confirmed": 11,
        "date": "2020-03-07T23:00:00.000Z",
        "deceased": 0,
        "recovered": 7,
      },
      Object {
        "confirmed": 15,
        "date": "2020-03-08T23:00:00.000Z",
        "deceased": 0,
        "recovered": 7,
      },
      Object {
        "confirmed": 18,
        "date": "2020-03-09T23:00:00.000Z",
        "deceased": 0,
        "recovered": 7,
      },
      Object {
        "confirmed": 21,
        "date": "2020-03-10T23:00:00.000Z",
        "deceased": 0,
        "recovered": 7,
      },
      Object {
        "confirmed": 21,
        "date": "2020-03-11T23:00:00.000Z",
        "deceased": 0,
        "recovered": 7,
      },
      Object {
        "confirmed": 36,
        "date": "2020-03-12T23:00:00.000Z",
        "deceased": 0,
        "recovered": 8,
      },
      Object {
        "confirmed": 49,
        "date": "2020-03-13T23:00:00.000Z",
        "deceased": 0,
        "recovered": 8,
      },
      Object {
        "confirmed": 57,
        "date": "2020-03-14T23:00:00.000Z",
        "deceased": 0,
        "recovered": 8,
      },
      Object {
        "confirmed": 71,
        "date": "2020-03-15T23:00:00.000Z",
        "deceased": 0,
        "recovered": 8,
      },
      Object {
        "confirmed": 94,
        "date": "2020-03-16T23:00:00.000Z",
        "deceased": 0,
        "recovered": 8,
      },
    ],
    "state": "Victoria",
  },
  Object {
    "countryCode": "AU",
    "items": Array [
      Object {
        "confirmed": 0,
        "date": "2020-01-21T23:00:00.000Z",
        "deceased": 0,
        "recovered": 0,
      },
      Object {
        "confirmed": 0,
        "date": "2020-01-22T23:00:00.000Z",
        "deceased": 0,
        "recovered": 0,
      },
      Object {
        "confirmed": 0,
        "date": "2020-01-23T23:00:00.000Z",
        "deceased": 0,
        "recovered": 0,
      },
      Object {
        "confirmed": 0,
        "date": "2020-01-24T23:00:00.000Z",
        "deceased": 0,
        "recovered": 0,
      },
      Object {
        "confirmed": 0,
        "date": "2020-01-25T23:00:00.000Z",
        "deceased": 0,
        "recovered": 0,
      },
      Object {
        "confirmed": 0,
        "date": "2020-01-26T23:00:00.000Z",
        "deceased": 0,
        "recovered": 0,
      },
      Object {
        "confirmed": 0,
        "date": "2020-01-27T23:00:00.000Z",
        "deceased": 0,
        "recovered": 0,
      },
      Object {
        "confirmed": 1,
        "date": "2020-01-28T23:00:00.000Z",
        "deceased": 0,
        "recovered": 0,
      },
      Object {
        "confirmed": 3,
        "date": "2020-01-29T23:00:00.000Z",
        "deceased": 0,
        "recovered": 0,
      },
      Object {
        "confirmed": 2,
        "date": "2020-01-30T23:00:00.000Z",
        "deceased": 0,
        "recovered": 0,
      },
      Object {
        "confirmed": 3,
        "date": "2020-01-31T23:00:00.000Z",
        "deceased": 0,
        "recovered": 0,
      },
      Object {
        "confirmed": 2,
        "date": "2020-02-01T23:00:00.000Z",
        "deceased": 0,
        "recovered": 0,
      },
      Object {
        "confirmed": 2,
        "date": "2020-02-02T23:00:00.000Z",
        "deceased": 0,
        "recovered": 0,
      },
      Object {
        "confirmed": 3,
        "date": "2020-02-03T23:00:00.000Z",
        "deceased": 0,
        "recovered": 0,
      },
      Object {
        "confirmed": 3,
        "date": "2020-02-04T23:00:00.000Z",
        "deceased": 0,
        "recovered": 0,
      },
      Object {
        "confirmed": 4,
        "date": "2020-02-05T23:00:00.000Z",
        "deceased": 0,
        "recovered": 0,
      },
      Object {
        "confirmed": 5,
        "date": "2020-02-06T23:00:00.000Z",
        "deceased": 0,
        "recovered": 0,
      },
      Object {
        "confirmed": 5,
        "date": "2020-02-07T23:00:00.000Z",
        "deceased": 0,
        "recovered": 0,
      },
      Object {
        "confirmed": 5,
        "date": "2020-02-08T23:00:00.000Z",
        "deceased": 0,
        "recovered": 0,
      },
      Object {
        "confirmed": 5,
        "date": "2020-02-09T23:00:00.000Z",
        "deceased": 0,
        "recovered": 0,
      },
      Object {
        "confirmed": 5,
        "date": "2020-02-10T23:00:00.000Z",
        "deceased": 0,
        "recovered": 0,
      },
      Object {
        "confirmed": 5,
        "date": "2020-02-11T23:00:00.000Z",
        "deceased": 0,
        "recovered": 0,
      },
      Object {
        "confirmed": 5,
        "date": "2020-02-12T23:00:00.000Z",
        "deceased": 0,
        "recovered": 0,
      },
      Object {
        "confirmed": 5,
        "date": "2020-02-13T23:00:00.000Z",
        "deceased": 0,
        "recovered": 0,
      },
      Object {
        "confirmed": 5,
        "date": "2020-02-14T23:00:00.000Z",
        "deceased": 0,
        "recovered": 0,
      },
      Object {
        "confirmed": 5,
        "date": "2020-02-15T23:00:00.000Z",
        "deceased": 0,
        "recovered": 0,
      },
      Object {
        "confirmed": 5,
        "date": "2020-02-16T23:00:00.000Z",
        "deceased": 0,
        "recovered": 0,
      },
      Object {
        "confirmed": 5,
        "date": "2020-02-17T23:00:00.000Z",
        "deceased": 0,
        "recovered": 0,
      },
      Object {
        "confirmed": 5,
        "date": "2020-02-18T23:00:00.000Z",
        "deceased": 0,
        "recovered": 0,
      },
      Object {
        "confirmed": 5,
        "date": "2020-02-19T23:00:00.000Z",
        "deceased": 0,
        "recovered": 0,
      },
      Object {
        "confirmed": 5,
        "date": "2020-02-20T23:00:00.000Z",
        "deceased": 0,
        "recovered": 1,
      },
      Object {
        "confirmed": 5,
        "date": "2020-02-21T23:00:00.000Z",
        "deceased": 0,
        "recovered": 1,
      },
      Object {
        "confirmed": 5,
        "date": "2020-02-22T23:00:00.000Z",
        "deceased": 0,
        "recovered": 1,
      },
      Object {
        "confirmed": 5,
        "date": "2020-02-23T23:00:00.000Z",
        "deceased": 0,
        "recovered": 1,
      },
      Object {
        "confirmed": 5,
        "date": "2020-02-24T23:00:00.000Z",
        "deceased": 0,
        "recovered": 1,
      },
      Object {
        "confirmed": 5,
        "date": "2020-02-25T23:00:00.000Z",
        "deceased": 0,
        "recovered": 1,
      },
      Object {
        "confirmed": 5,
        "date": "2020-02-26T23:00:00.000Z",
        "deceased": 0,
        "recovered": 1,
      },
      Object {
        "confirmed": 5,
        "date": "2020-02-27T23:00:00.000Z",
        "deceased": 0,
        "recovered": 1,
      },
      Object {
        "confirmed": 9,
        "date": "2020-02-28T23:00:00.000Z",
        "deceased": 0,
        "recovered": 1,
      },
      Object {
        "confirmed": 9,
        "date": "2020-02-29T23:00:00.000Z",
        "deceased": 0,
        "recovered": 1,
      },
      Object {
        "confirmed": 9,
        "date": "2020-03-01T23:00:00.000Z",
        "deceased": 0,
        "recovered": 1,
      },
      Object {
        "confirmed": 11,
        "date": "2020-03-02T23:00:00.000Z",
        "deceased": 0,
        "recovered": 1,
      },
      Object {
        "confirmed": 11,
        "date": "2020-03-03T23:00:00.000Z",
        "deceased": 0,
        "recovered": 1,
      },
      Object {
        "confirmed": 13,
        "date": "2020-03-04T23:00:00.000Z",
        "deceased": 0,
        "recovered": 8,
      },
      Object {
        "confirmed": 13,
        "date": "2020-03-05T23:00:00.000Z",
        "deceased": 0,
        "recovered": 8,
      },
      Object {
        "confirmed": 13,
        "date": "2020-03-06T23:00:00.000Z",
        "deceased": 0,
        "recovered": 8,
      },
      Object {
        "confirmed": 15,
        "date": "2020-03-07T23:00:00.000Z",
        "deceased": 0,
        "recovered": 8,
      },
      Object {
        "confirmed": 15,
        "date": "2020-03-08T23:00:00.000Z",
        "deceased": 0,
        "recovered": 8,
      },
      Object {
        "confirmed": 18,
        "date": "2020-03-09T23:00:00.000Z",
        "deceased": 0,
        "recovered": 8,
      },
      Object {
        "confirmed": 20,
        "date": "2020-03-10T23:00:00.000Z",
        "deceased": 0,
        "recovered": 8,
      },
      Object {
        "confirmed": 20,
        "date": "2020-03-11T23:00:00.000Z",
        "deceased": 0,
        "recovered": 8,
      },
      Object {
        "confirmed": 35,
        "date": "2020-03-12T23:00:00.000Z",
        "deceased": 0,
        "recovered": 8,
      },
      Object {
        "confirmed": 46,
        "date": "2020-03-13T23:00:00.000Z",
        "deceased": 0,
        "recovered": 8,
      },
      Object {
        "confirmed": 61,
        "date": "2020-03-14T23:00:00.000Z",
        "deceased": 0,
        "recovered": 8,
      },
      Object {
        "confirmed": 68,
        "date": "2020-03-15T23:00:00.000Z",
        "deceased": 0,
        "recovered": 8,
      },
      Object {
        "confirmed": 78,
        "date": "2020-03-16T23:00:00.000Z",
        "deceased": 0,
        "recovered": 8,
      },
    ],
    "state": "Queensland",
  },
]
`;
