// Jest Snapshot v1, https://goo.gl/fbAQLP

exports[`Parse CSV row parses correctly 1`] = `
Object {
  "countryCodeIso2": "SG",
  "countryRegion": "Singapore",
  "items": Array [
    Object {
      "date": "2020-01-22",
      "value": Object {
        "CONFIRMED": 0,
        "DECEASED": 0,
        "RECOVERED": 0,
      },
    },
    Object {
      "date": "2020-01-23",
      "value": Object {
        "CONFIRMED": 1,
        "DECEASED": 0,
        "RECOVERED": 0,
      },
    },
    Object {
      "date": "2020-01-24",
      "value": Object {
        "CONFIRMED": 3,
        "DECEASED": 0,
        "RECOVERED": 0,
      },
    },
    Object {
      "date": "2020-01-25",
      "value": Object {
        "CONFIRMED": 3,
        "DECEASED": 0,
        "RECOVERED": 0,
      },
    },
    Object {
      "date": "2020-01-26",
      "value": Object {
        "CONFIRMED": 4,
        "DECEASED": 0,
        "RECOVERED": 0,
      },
    },
    Object {
      "date": "2020-01-27",
      "value": Object {
        "CONFIRMED": 5,
        "DECEASED": 0,
        "RECOVERED": 0,
      },
    },
    Object {
      "date": "2020-01-28",
      "value": Object {
        "CONFIRMED": 7,
        "DECEASED": 0,
        "RECOVERED": 0,
      },
    },
    Object {
      "date": "2020-01-29",
      "value": Object {
        "CONFIRMED": 7,
        "DECEASED": 0,
        "RECOVERED": 0,
      },
    },
    Object {
      "date": "2020-01-30",
      "value": Object {
        "CONFIRMED": 10,
        "DECEASED": 0,
        "RECOVERED": 0,
      },
    },
    Object {
      "date": "2020-01-31",
      "value": Object {
        "CONFIRMED": 13,
        "DECEASED": 0,
        "RECOVERED": 0,
      },
    },
    Object {
      "date": "2020-02-01",
      "value": Object {
        "CONFIRMED": 16,
        "DECEASED": 0,
        "RECOVERED": 0,
      },
    },
    Object {
      "date": "2020-02-02",
      "value": Object {
        "CONFIRMED": 18,
        "DECEASED": 0,
        "RECOVERED": 0,
      },
    },
    Object {
      "date": "2020-02-03",
      "value": Object {
        "CONFIRMED": 18,
        "DECEASED": 0,
        "RECOVERED": 0,
      },
    },
    Object {
      "date": "2020-02-04",
      "value": Object {
        "CONFIRMED": 24,
        "DECEASED": 0,
        "RECOVERED": 0,
      },
    },
    Object {
      "date": "2020-02-05",
      "value": Object {
        "CONFIRMED": 28,
        "DECEASED": 0,
        "RECOVERED": 0,
      },
    },
    Object {
      "date": "2020-02-06",
      "value": Object {
        "CONFIRMED": 28,
        "DECEASED": 0,
        "RECOVERED": 0,
      },
    },
    Object {
      "date": "2020-02-07",
      "value": Object {
        "CONFIRMED": 30,
        "DECEASED": 0,
        "RECOVERED": 0,
      },
    },
    Object {
      "date": "2020-02-08",
      "value": Object {
        "CONFIRMED": 33,
        "DECEASED": 0,
        "RECOVERED": 0,
      },
    },
    Object {
      "date": "2020-02-09",
      "value": Object {
        "CONFIRMED": 40,
        "DECEASED": 0,
        "RECOVERED": 0,
      },
    },
    Object {
      "date": "2020-02-10",
      "value": Object {
        "CONFIRMED": 45,
        "DECEASED": 0,
        "RECOVERED": 0,
      },
    },
    Object {
      "date": "2020-02-11",
      "value": Object {
        "CONFIRMED": 47,
        "DECEASED": 0,
        "RECOVERED": 0,
      },
    },
    Object {
      "date": "2020-02-12",
      "value": Object {
        "CONFIRMED": 50,
        "DECEASED": 0,
        "RECOVERED": 0,
      },
    },
    Object {
      "date": "2020-02-13",
      "value": Object {
        "CONFIRMED": 58,
        "DECEASED": 0,
        "RECOVERED": 0,
      },
    },
    Object {
      "date": "2020-02-14",
      "value": Object {
        "CONFIRMED": 67,
        "DECEASED": 0,
        "RECOVERED": 0,
      },
    },
    Object {
      "date": "2020-02-15",
      "value": Object {
        "CONFIRMED": 72,
        "DECEASED": 0,
        "RECOVERED": 0,
      },
    },
    Object {
      "date": "2020-02-16",
      "value": Object {
        "CONFIRMED": 75,
        "DECEASED": 0,
        "RECOVERED": 0,
      },
    },
    Object {
      "date": "2020-02-17",
      "value": Object {
        "CONFIRMED": 77,
        "DECEASED": 0,
        "RECOVERED": 0,
      },
    },
    Object {
      "date": "2020-02-18",
      "value": Object {
        "CONFIRMED": 81,
        "DECEASED": 0,
        "RECOVERED": 0,
      },
    },
    Object {
      "date": "2020-02-19",
      "value": Object {
        "CONFIRMED": 84,
        "DECEASED": 0,
        "RECOVERED": 0,
      },
    },
    Object {
      "date": "2020-02-20",
      "value": Object {
        "CONFIRMED": 84,
        "DECEASED": 0,
        "RECOVERED": 0,
      },
    },
    Object {
      "date": "2020-02-21",
      "value": Object {
        "CONFIRMED": 85,
        "DECEASED": 0,
        "RECOVERED": 0,
      },
    },
    Object {
      "date": "2020-02-22",
      "value": Object {
        "CONFIRMED": 85,
        "DECEASED": 0,
        "RECOVERED": 0,
      },
    },
    Object {
      "date": "2020-02-23",
      "value": Object {
        "CONFIRMED": 89,
        "DECEASED": 0,
        "RECOVERED": 0,
      },
    },
    Object {
      "date": "2020-02-24",
      "value": Object {
        "CONFIRMED": 89,
        "DECEASED": 0,
        "RECOVERED": 0,
      },
    },
    Object {
      "date": "2020-02-25",
      "value": Object {
        "CONFIRMED": 91,
        "DECEASED": 0,
        "RECOVERED": 0,
      },
    },
    Object {
      "date": "2020-02-26",
      "value": Object {
        "CONFIRMED": 93,
        "DECEASED": 0,
        "RECOVERED": 0,
      },
    },
    Object {
      "date": "2020-02-27",
      "value": Object {
        "CONFIRMED": 93,
        "DECEASED": 0,
        "RECOVERED": 0,
      },
    },
    Object {
      "date": "2020-02-28",
      "value": Object {
        "CONFIRMED": 93,
        "DECEASED": 0,
        "RECOVERED": 0,
      },
    },
    Object {
      "date": "2020-02-29",
      "value": Object {
        "CONFIRMED": 102,
        "DECEASED": 0,
        "RECOVERED": 0,
      },
    },
    Object {
      "date": "2020-03-01",
      "value": Object {
        "CONFIRMED": 106,
        "DECEASED": 0,
        "RECOVERED": 0,
      },
    },
    Object {
      "date": "2020-03-02",
      "value": Object {
        "CONFIRMED": 108,
        "DECEASED": 0,
        "RECOVERED": 0,
      },
    },
    Object {
      "date": "2020-03-03",
      "value": Object {
        "CONFIRMED": 110,
        "DECEASED": 0,
        "RECOVERED": 0,
      },
    },
    Object {
      "date": "2020-03-04",
      "value": Object {
        "CONFIRMED": 110,
        "DECEASED": 0,
        "RECOVERED": 0,
      },
    },
    Object {
      "date": "2020-03-05",
      "value": Object {
        "CONFIRMED": 117,
        "DECEASED": 0,
        "RECOVERED": 0,
      },
    },
    Object {
      "date": "2020-03-06",
      "value": Object {
        "CONFIRMED": 130,
        "DECEASED": 0,
        "RECOVERED": 0,
      },
    },
    Object {
      "date": "2020-03-07",
      "value": Object {
        "CONFIRMED": 138,
        "DECEASED": 0,
        "RECOVERED": 0,
      },
    },
    Object {
      "date": "2020-03-08",
      "value": Object {
        "CONFIRMED": 150,
        "DECEASED": 0,
        "RECOVERED": 0,
      },
    },
    Object {
      "date": "2020-03-09",
      "value": Object {
        "CONFIRMED": 150,
        "DECEASED": 0,
        "RECOVERED": 0,
      },
    },
    Object {
      "date": "2020-03-10",
      "value": Object {
        "CONFIRMED": 160,
        "DECEASED": 0,
        "RECOVERED": 0,
      },
    },
    Object {
      "date": "2020-03-11",
      "value": Object {
        "CONFIRMED": 178,
        "DECEASED": 0,
        "RECOVERED": 0,
      },
    },
    Object {
      "date": "2020-03-12",
      "value": Object {
        "CONFIRMED": 178,
        "DECEASED": 0,
        "RECOVERED": 0,
      },
    },
    Object {
      "date": "2020-03-13",
      "value": Object {
        "CONFIRMED": 200,
        "DECEASED": 0,
        "RECOVERED": 0,
      },
    },
    Object {
      "date": "2020-03-14",
      "value": Object {
        "CONFIRMED": 212,
        "DECEASED": 0,
        "RECOVERED": 0,
      },
    },
    Object {
      "date": "2020-03-15",
      "value": Object {
        "CONFIRMED": 226,
        "DECEASED": 0,
        "RECOVERED": 0,
      },
    },
    Object {
      "date": "2020-03-16",
      "value": Object {
        "CONFIRMED": 243,
        "DECEASED": 0,
        "RECOVERED": 0,
      },
    },
    Object {
      "date": "2020-03-17",
      "value": Object {
        "CONFIRMED": 266,
        "DECEASED": 0,
        "RECOVERED": 0,
      },
    },
  ],
  "lat": 1.2833,
  "long": 103.8333,
  "provinceState": "",
}
`;
