// Jest Snapshot v1, https://goo.gl/fbAQLP

exports[`Parse CSV row parses correctly 1`] = `
Object {
  "countryCode": "SG",
  "items": Array [
    Object {
      "confirmed": 0,
      "date": "2020-01-21T23:00:00.000Z",
      "deceased": 0,
      "recovered": 0,
    },
    Object {
      "confirmed": 1,
      "date": "2020-01-22T23:00:00.000Z",
      "deceased": 0,
      "recovered": 0,
    },
    Object {
      "confirmed": 3,
      "date": "2020-01-23T23:00:00.000Z",
      "deceased": 0,
      "recovered": 0,
    },
    Object {
      "confirmed": 3,
      "date": "2020-01-24T23:00:00.000Z",
      "deceased": 0,
      "recovered": 0,
    },
    Object {
      "confirmed": 4,
      "date": "2020-01-25T23:00:00.000Z",
      "deceased": 0,
      "recovered": 0,
    },
    Object {
      "confirmed": 5,
      "date": "2020-01-26T23:00:00.000Z",
      "deceased": 0,
      "recovered": 0,
    },
    Object {
      "confirmed": 7,
      "date": "2020-01-27T23:00:00.000Z",
      "deceased": 0,
      "recovered": 0,
    },
    Object {
      "confirmed": 7,
      "date": "2020-01-28T23:00:00.000Z",
      "deceased": 0,
      "recovered": 0,
    },
    Object {
      "confirmed": 10,
      "date": "2020-01-29T23:00:00.000Z",
      "deceased": 0,
      "recovered": 0,
    },
    Object {
      "confirmed": 13,
      "date": "2020-01-30T23:00:00.000Z",
      "deceased": 0,
      "recovered": 0,
    },
    Object {
      "confirmed": 16,
      "date": "2020-01-31T23:00:00.000Z",
      "deceased": 0,
      "recovered": 0,
    },
    Object {
      "confirmed": 18,
      "date": "2020-02-01T23:00:00.000Z",
      "deceased": 0,
      "recovered": 0,
    },
    Object {
      "confirmed": 18,
      "date": "2020-02-02T23:00:00.000Z",
      "deceased": 0,
      "recovered": 0,
    },
    Object {
      "confirmed": 24,
      "date": "2020-02-03T23:00:00.000Z",
      "deceased": 0,
      "recovered": 0,
    },
    Object {
      "confirmed": 28,
      "date": "2020-02-04T23:00:00.000Z",
      "deceased": 0,
      "recovered": 0,
    },
    Object {
      "confirmed": 28,
      "date": "2020-02-05T23:00:00.000Z",
      "deceased": 0,
      "recovered": 0,
    },
    Object {
      "confirmed": 30,
      "date": "2020-02-06T23:00:00.000Z",
      "deceased": 0,
      "recovered": 0,
    },
    Object {
      "confirmed": 33,
      "date": "2020-02-07T23:00:00.000Z",
      "deceased": 0,
      "recovered": 0,
    },
    Object {
      "confirmed": 40,
      "date": "2020-02-08T23:00:00.000Z",
      "deceased": 0,
      "recovered": 0,
    },
    Object {
      "confirmed": 45,
      "date": "2020-02-09T23:00:00.000Z",
      "deceased": 0,
      "recovered": 0,
    },
    Object {
      "confirmed": 47,
      "date": "2020-02-10T23:00:00.000Z",
      "deceased": 0,
      "recovered": 0,
    },
    Object {
      "confirmed": 50,
      "date": "2020-02-11T23:00:00.000Z",
      "deceased": 0,
      "recovered": 0,
    },
    Object {
      "confirmed": 58,
      "date": "2020-02-12T23:00:00.000Z",
      "deceased": 0,
      "recovered": 0,
    },
    Object {
      "confirmed": 67,
      "date": "2020-02-13T23:00:00.000Z",
      "deceased": 0,
      "recovered": 0,
    },
    Object {
      "confirmed": 72,
      "date": "2020-02-14T23:00:00.000Z",
      "deceased": 0,
      "recovered": 0,
    },
    Object {
      "confirmed": 75,
      "date": "2020-02-15T23:00:00.000Z",
      "deceased": 0,
      "recovered": 0,
    },
    Object {
      "confirmed": 77,
      "date": "2020-02-16T23:00:00.000Z",
      "deceased": 0,
      "recovered": 0,
    },
    Object {
      "confirmed": 81,
      "date": "2020-02-17T23:00:00.000Z",
      "deceased": 0,
      "recovered": 0,
    },
    Object {
      "confirmed": 84,
      "date": "2020-02-18T23:00:00.000Z",
      "deceased": 0,
      "recovered": 0,
    },
    Object {
      "confirmed": 84,
      "date": "2020-02-19T23:00:00.000Z",
      "deceased": 0,
      "recovered": 0,
    },
    Object {
      "confirmed": 85,
      "date": "2020-02-20T23:00:00.000Z",
      "deceased": 0,
      "recovered": 0,
    },
    Object {
      "confirmed": 85,
      "date": "2020-02-21T23:00:00.000Z",
      "deceased": 0,
      "recovered": 0,
    },
    Object {
      "confirmed": 89,
      "date": "2020-02-22T23:00:00.000Z",
      "deceased": 0,
      "recovered": 0,
    },
    Object {
      "confirmed": 89,
      "date": "2020-02-23T23:00:00.000Z",
      "deceased": 0,
      "recovered": 0,
    },
    Object {
      "confirmed": 91,
      "date": "2020-02-24T23:00:00.000Z",
      "deceased": 0,
      "recovered": 0,
    },
    Object {
      "confirmed": 93,
      "date": "2020-02-25T23:00:00.000Z",
      "deceased": 0,
      "recovered": 0,
    },
    Object {
      "confirmed": 93,
      "date": "2020-02-26T23:00:00.000Z",
      "deceased": 0,
      "recovered": 0,
    },
    Object {
      "confirmed": 93,
      "date": "2020-02-27T23:00:00.000Z",
      "deceased": 0,
      "recovered": 0,
    },
    Object {
      "confirmed": 102,
      "date": "2020-02-28T23:00:00.000Z",
      "deceased": 0,
      "recovered": 0,
    },
    Object {
      "confirmed": 106,
      "date": "2020-02-29T23:00:00.000Z",
      "deceased": 0,
      "recovered": 0,
    },
    Object {
      "confirmed": 108,
      "date": "2020-03-01T23:00:00.000Z",
      "deceased": 0,
      "recovered": 0,
    },
    Object {
      "confirmed": 110,
      "date": "2020-03-02T23:00:00.000Z",
      "deceased": 0,
      "recovered": 0,
    },
    Object {
      "confirmed": 110,
      "date": "2020-03-03T23:00:00.000Z",
      "deceased": 0,
      "recovered": 0,
    },
    Object {
      "confirmed": 117,
      "date": "2020-03-04T23:00:00.000Z",
      "deceased": 0,
      "recovered": 0,
    },
    Object {
      "confirmed": 130,
      "date": "2020-03-05T23:00:00.000Z",
      "deceased": 0,
      "recovered": 0,
    },
    Object {
      "confirmed": 138,
      "date": "2020-03-06T23:00:00.000Z",
      "deceased": 0,
      "recovered": 0,
    },
    Object {
      "confirmed": 150,
      "date": "2020-03-07T23:00:00.000Z",
      "deceased": 0,
      "recovered": 0,
    },
    Object {
      "confirmed": 150,
      "date": "2020-03-08T23:00:00.000Z",
      "deceased": 0,
      "recovered": 0,
    },
    Object {
      "confirmed": 160,
      "date": "2020-03-09T23:00:00.000Z",
      "deceased": 0,
      "recovered": 0,
    },
    Object {
      "confirmed": 178,
      "date": "2020-03-10T23:00:00.000Z",
      "deceased": 0,
      "recovered": 0,
    },
    Object {
      "confirmed": 178,
      "date": "2020-03-11T23:00:00.000Z",
      "deceased": 0,
      "recovered": 0,
    },
    Object {
      "confirmed": 200,
      "date": "2020-03-12T23:00:00.000Z",
      "deceased": 0,
      "recovered": 0,
    },
    Object {
      "confirmed": 212,
      "date": "2020-03-13T23:00:00.000Z",
      "deceased": 0,
      "recovered": 0,
    },
    Object {
      "confirmed": 226,
      "date": "2020-03-14T23:00:00.000Z",
      "deceased": 0,
      "recovered": 0,
    },
    Object {
      "confirmed": 243,
      "date": "2020-03-15T23:00:00.000Z",
      "deceased": 0,
      "recovered": 0,
    },
    Object {
      "confirmed": 266,
      "date": "2020-03-16T23:00:00.000Z",
      "deceased": 0,
      "recovered": 0,
    },
  ],
  "state": "",
}
`;
